Waiting for current bot game
Waiting for current bot game
Waiting for current bot game
Waiting for current bot game
Waiting for current bot game
Waiting for current bot game
Waiting for current bot game
Waiting for current bot game
Waiting for current bot game
Waiting for current bot game
Waiting for current bot game
Waiting for current bot game
Waiting for current bot game
Waiting for current bot game
Waiting for current bot game
Waiting for current bot game
Waiting for current bot game
Waiting for current bot game
Waiting for current bot game
Waiting for current bot game
Waiting for current bot game
Waiting for current bot game
Waiting for current bot game
Waiting for current bot game
Waiting for current bot game
Waiting for current bot game
Waiting for current bot game
Waiting for current bot game
Waiting for current bot game
Waiting for current bot game
Waiting for current bot game
Waiting for current bot game
Waiting for current bot game
Waiting for current bot game
Waiting for current bot game
Waiting for current bot game
Waiting for current bot game
Waiting for current bot game
Waiting for current bot game
Waiting for current bot game
Waiting for current bot game
Waiting for current bot game
Waiting for current bot game
Waiting for current bot game
Waiting for current bot game
Waiting for current bot game
Waiting for current bot game
Waiting for current bot game
Waiting for current bot game
Waiting for current bot game
Waiting for current bot game
Waiting for current bot game
Waiting for current bot game
Waiting for current bot game
Waiting for current bot game
Waiting for current bot game
Waiting for current bot game
Waiting for current bot game
Waiting for current bot game
Waiting for current bot game
Waiting for current bot game
Waiting for current bot game
Waiting for current bot game
Waiting for current bot game
Waiting for current bot game
Waiting for current bot game
Waiting for current bot game
Waiting for current bot game
Waiting for current bot game
Waiting for current bot game
Waiting for current bot game
Waiting for current bot game
Waiting for current bot game
Waiting for current bot game
Waiting for current bot game
Waiting for current bot game
Idle measurement window started
Diagnostic build: baseline bench identity confirmed 1772650
R2-001 b1b2 b1b2 regret 0
R2-002 b7f7 b7f7 regret 0
R2-003 c7c5 c7c3 regret 8
R2-004 b7b5 f5b5 regret 0
R2-005 g6g7 g6g7 regret 0
R2-006 h7h5 c2c3 regret 8
R2-007 f2e3 f2e3 regret 0
R2-008 h1g2 h1g2 regret 0
R2-009 b6g6 b6g6 regret 0
R2-010 f3g4 f3g4 regret 0
R2-011 b7b6 b7b6 regret 0
R2-012 b7b5 b7b5 regret 0
R2-013 a3b4 a3b4 regret 0
R2-014 a1b1 a1b1 regret 0
R2-015 g4g5 h1c1 regret -17
R2-016 f3a3 f3a3 regret 0
R2-017 f7f5 h6h5 regret 61
R2-018 g6f7 g6f7 regret 0
R2-019 h7g8 h7g6 regret 0
R2-020 d1e1 d1d3 regret 0
R2-021 a8a7 a8a7 regret 0
R2-022 e7e6 e7c7 regret 0
R2-023 e2f3 e2f3 regret 0
R2-024 c3c2 c3c2 regret 0
R2-025 b3h3 b3h3 regret 0
R2-026 g6g2 g6g2 regret 0
R2-027 h2g3 h2g3 regret 0
R2-028 a2a4 a2a4 regret 0
R2-029 h7g6 h7g6 regret 0
R2-030 d7b7 d7b7 regret 0
R2-031 a5a3 a5a3 regret 0
R2-032 f3g4 b7c7 regret -8
R2-033 e3e8 e3e8 regret 0
R2-034 h8g8 f8f7 regret 81
R2-035 h6g5 h6g5 regret 0
R2-036 f5a5 f7b7 regret -33
R2-037 a2e2 a2e2 regret 0
R2-038 e7d7 e7d7 regret 0
R2-039 e4f3 e4f3 regret 0
R2-040 a4a8 a4a7 regret 0
R2-041 a8a4 h5h4 regret 0
R2-042 f2f4 f2f4 regret 0
R2-043 g2g3 g2g3 regret 0
R2-044 b4b5 b4b5 regret 0
R2-045 g7g5 g7g5 regret 0
R2-046 f1b1 f1b1 regret 0
R2-047 b3b2 b3a3 regret 18
R2-048 b2b4 b2b4 regret 0
R2-049 b8h8 b8h8 regret 0
R2-050 e3d3 e3d3 regret 0
R2-051 f3g4 f3g4 regret 0
R2-052 c4c6 c4f4 regret -1
R2-053 b7b6 b7b6 regret 0
R2-054 f6f5 f6f5 regret 0
R2-055 h1g2 h1g2 regret 0
R2-056 d7f7 d7f7 regret 0
R2-057 g4g2 h5h4 regret 52
R2-058 h5h6 h5h6 regret 0
R2-059 a3a2 a3a2 regret 0
R2-060 e3f3 e3f3 regret 0
R2-061 e1e4 e1e4 regret 0
R2-062 e4e3 d4a4 regret -1
R2-063 c1a1 c1a1 regret 0
R2-064 h5d5 h5d5 regret 0
R2-065 c3c1 c3c1 regret 0
R2-066 c6h6 c6h6 regret 0
R2-067 a7f7 h2h3 regret 8
R2-068 h8b8 h8b8 regret 0
R2-069 b5b2 b5b2 regret 0
R2-070 b6c6 b6c6 regret 0
R2-071 a7a8 a7a8 regret 0
R2-072 d1c1 d1c1 regret 0
R2-073 h4b4 h4b4 regret 0
R2-074 d4a4 d4a4 regret 0
R2-075 f2c2 f2c2 regret 0
R2-076 g2g3 g2g3 regret 0
R2-077 a1e1 a1e1 regret 0
R2-078 g5f4 g5f4 regret 0
R2-079 g5g6 g5g6 regret 0
R2-080 d4d2 d4d2 regret 0
R2-081 b2c3 b2c3 regret 0
R2-082 b1b4 b1b4 regret 0
R2-083 d7c7 d7c7 regret 0
R2-084 c3c4 c3e3 regret 0
R2-085 c8c5 c8c5 regret 0
R2-086 g7g5 g7g5 regret 0
R2-087 b2b4 b2b8 regret 1
R2-088 d7d4 d7d4 regret 0
R2-089 e4e5 e4e5 regret 0
R2-090 a6a7 a6a7 regret 0
R2-091 b1b5 b6b5 regret -3
R2-092 h1h2 h1h2 regret 0
R2-093 f6e5 f6g7 regret 307
R2-094 a8a3 a8a3 regret 0
R2-095 c3c2 b2b1 regret 0
R2-096 g4g3 g4g3 regret 0
Confirmed R2-093 original moves -421 0 5s Rival f6g7
Ablation positions checked: 0 ; each control compared with production at the same node budget
Bot restart: 0
