Position  1/16:       64,209 nodes
Position  2/16:      206,215 nodes
Position  3/16:       40,675 nodes
Position  4/16:      157,660 nodes
Position  5/16:      116,305 nodes
Position  6/16:      135,686 nodes
Position  7/16:       40,715 nodes
Position  8/16:       19,511 nodes
Position  9/16:      255,983 nodes
Position 10/16:      274,106 nodes
Position 11/16:      107,458 nodes
Position 12/16:       64,209 nodes
Position 13/16:      224,775 nodes
Position 14/16:        3,289 nodes
Position 15/16:       38,590 nodes
Position 16/16:       23,264 nodes
===========================
Depth         : 12
Time          : 1,023 ms
Nodes searched: 1772650
NPS           : 1,732,795
Cutoffs       : 268,130 (87.6% on first move)
  by heuristic : TT move 27.1% capture 48.1% promo 0.2% killer 15.5% distant killer 2.0% countermove 1.2% other quiet 5.9%
  by position  : 1st 87.6% 2nd 6.8% 3rd 2.4% 4-6th 2.2% 7th+ 1.0%
TT probes     : 1,096,421 · hit 21.7% · deep enough 14.2% · slot taken by other pos 0.3%
Scout searches: 860,794 · LMR verify (full depth, null window) 0.8% · then full window 0.0% · PVS re-search 0.1%
Children      : 1,296,136 searched · no-cutoff nodes 165,496 · 5.70 children each
  child kinds  : quiet 894,451 · capture 384,429 · promotion 17,256 · total 1,296,136
  node windows : full 309,349 · scout 986,787 · total 1,296,136
  depth buckets: 0-2 651,214 · 3-5 483,091 · 6-9 153,932 · 10-15 7,899 · 16+ 0
  completed    : no-cut quiet/capture/promo 741862/189060/11805 · cutoff-node 149085/194339/5371
  pruned moves : SEE 181,317 · alpha/futility 2,228,666 · LMP 1,520,864 · of which rejected before make 3,473,627
  LMR quiet    : eligible 384,943 · applied 351,118 (at index 2-3: 44,733) · verify tries 6,630 · mean hist -2293 · extra plies 0:33,825 1:129,290 2:122,169 3:66,648 4:23,292 5+:9,719
                 hist quotient <=-3:1,005 -2:10,686 -1:57,534 0:297,516 1:11,483 2:4,607 >=3:2,112 · clamped low 9,058 · high 64,329
  LMR good caps: eligible 0 · applied 0 (at index 2-3: 0) · verify tries 0 · mean hist 0 · extra plies 0:0 1:0 2:0 3:0 4:0 5+:0
                 hist quotient <=-3:0 -2:0 -1:0 0:0 1:0 2:0 >=3:0 · clamped low 0 · high 0
  LMR bad caps : eligible 0 · applied 0 (at index 2-3: 0) · verify tries 0 · mean hist 0 · extra plies 0:0 1:0 2:0 3:0 4:0 5+:0
                 hist quotient <=-3:0 -2:0 -1:0 0:0 1:0 2:0 >=3:0 · clamped low 0 · high 0
  LMR promos   : eligible 0 · applied 0 (at index 2-3: 0) · verify tries 0 · mean hist 0 · extra plies 0:0 1:0 2:0 3:0 4:0 5+:0
                 hist quotient <=-3:0 -2:0 -1:0 0:0 1:0 2:0 >=3:0 · clamped low 0 · high 0
  extensions   : check 155,633 · pawn7 7,915 · passed 1,917 · singular 813 (verifications 2,529 · multicut 0 · negative 906)
  main search :    1,097,867 (61.9%)
  quiescence  :      674,783 (38.1%)
