Indexing opening suite...
Started game 1 of 1000 (base vs cand)
Started game 2 of 1000 (cand vs base)
Started game 3 of 1000 (base vs cand)
Started game 4 of 1000 (cand vs base)
Finished game 3 (base vs cand): 0-1 {Black wins by adjudication}
Score of base vs cand: 0 - 1 - 0  [0.000] 1
Started game 5 of 1000 (base vs cand)
Finished game 4 (cand vs base): 0-1 {Black wins by adjudication}
Score of base vs cand: 1 - 1 - 0  [0.500] 2
Started game 6 of 1000 (cand vs base)
Finished game 1 (base vs cand): 0-1 {Black wins by adjudication}
Score of base vs cand: 1 - 2 - 0  [0.333] 3
Started game 7 of 1000 (base vs cand)
Finished game 7 (base vs cand): 0-1 {Black wins by adjudication}
Score of base vs cand: 1 - 3 - 0  [0.250] 4
Started game 8 of 1000 (cand vs base)
Finished game 2 (cand vs base): 1/2-1/2 {Draw by fifty moves rule}
Score of base vs cand: 1 - 3 - 1  [0.300] 5
Started game 9 of 1000 (base vs cand)
Finished game 5 (base vs cand): 0-1 {Black wins by adjudication}
Score of base vs cand: 1 - 4 - 1  [0.250] 6
Started game 10 of 1000 (cand vs base)
Finished game 6 (cand vs base): 0-1 {Black wins by adjudication}
Score of base vs cand: 2 - 4 - 1  [0.357] 7
Started game 11 of 1000 (base vs cand)
Finished game 10 (cand vs base): 1/2-1/2 {Draw by adjudication}
Score of base vs cand: 2 - 4 - 2  [0.375] 8
Started game 12 of 1000 (cand vs base)
Finished game 9 (base vs cand): 1-0 {White wins by adjudication}
Score of base vs cand: 3 - 4 - 2  [0.444] 9
Started game 13 of 1000 (base vs cand)
Finished game 8 (cand vs base): 0-1 {Black wins by adjudication}
Score of base vs cand: 4 - 4 - 2  [0.500] 10
Started game 14 of 1000 (cand vs base)
Finished game 11 (base vs cand): 0-1 {Black wins by adjudication}
Score of base vs cand: 4 - 5 - 2  [0.455] 11
Started game 15 of 1000 (base vs cand)
Finished game 12 (cand vs base): 1/2-1/2 {Draw by 3-fold repetition}
Score of base vs cand: 4 - 5 - 3  [0.458] 12
Started game 16 of 1000 (cand vs base)
Finished game 13 (base vs cand): 1/2-1/2 {Draw by 3-fold repetition}
Score of base vs cand: 4 - 5 - 4  [0.462] 13
Started game 17 of 1000 (base vs cand)
Finished game 14 (cand vs base): 1-0 {White wins by adjudication}
Score of base vs cand: 4 - 6 - 4  [0.429] 14
Started game 18 of 1000 (cand vs base)
Finished game 15 (base vs cand): 1-0 {White wins by adjudication}
Score of base vs cand: 5 - 6 - 4  [0.467] 15
Started game 19 of 1000 (base vs cand)
Finished game 17 (base vs cand): 1/2-1/2 {Draw by adjudication}
Score of base vs cand: 5 - 6 - 5  [0.469] 16
Started game 20 of 1000 (cand vs base)
Finished game 16 (cand vs base): 0-1 {Black wins by adjudication}
Score of base vs cand: 6 - 6 - 5  [0.500] 17
Started game 21 of 1000 (base vs cand)
Finished game 18 (cand vs base): 1-0 {White mates}
Score of base vs cand: 6 - 7 - 5  [0.472] 18
Started game 22 of 1000 (cand vs base)
Finished game 20 (cand vs base): 1/2-1/2 {Draw by adjudication}
Score of base vs cand: 6 - 7 - 6  [0.474] 19
Started game 23 of 1000 (base vs cand)
Finished game 22 (cand vs base): 1-0 {White mates}
Score of base vs cand: 6 - 8 - 6  [0.450] 20
Started game 24 of 1000 (cand vs base)
Finished game 19 (base vs cand): 1-0 {White wins by adjudication}
Score of base vs cand: 7 - 8 - 6  [0.476] 21
Started game 25 of 1000 (base vs cand)
Finished game 21 (base vs cand): 1-0 {White wins by adjudication}
Score of base vs cand: 8 - 8 - 6  [0.500] 22
Started game 26 of 1000 (cand vs base)
Finished game 24 (cand vs base): 1-0 {White mates}
Score of base vs cand: 8 - 9 - 6  [0.478] 23
Started game 27 of 1000 (base vs cand)
Finished game 23 (base vs cand): 1/2-1/2 {Draw by insufficient mating material}
Score of base vs cand: 8 - 9 - 7  [0.479] 24
Started game 28 of 1000 (cand vs base)
Finished game 25 (base vs cand): 0-1 {Black wins by adjudication}
Score of base vs cand: 8 - 10 - 7  [0.460] 25
Started game 29 of 1000 (base vs cand)
Finished game 26 (cand vs base): 1-0 {White wins by adjudication}
Score of base vs cand: 8 - 11 - 7  [0.442] 26
Started game 30 of 1000 (cand vs base)
Finished game 28 (cand vs base): 0-1 {Black mates}
Score of base vs cand: 9 - 11 - 7  [0.463] 27
Started game 31 of 1000 (base vs cand)
Finished game 30 (cand vs base): 1-0 {White wins by adjudication}
Score of base vs cand: 9 - 12 - 7  [0.446] 28
Started game 32 of 1000 (cand vs base)
Finished game 27 (base vs cand): 0-1 {Black wins by adjudication}
Score of base vs cand: 9 - 13 - 7  [0.431] 29
Started game 33 of 1000 (base vs cand)
Finished game 29 (base vs cand): 0-1 {Black wins by adjudication}
Score of base vs cand: 9 - 14 - 7  [0.417] 30
Started game 34 of 1000 (cand vs base)
Finished game 31 (base vs cand): 1-0 {White wins by adjudication}
Score of base vs cand: 10 - 14 - 7  [0.435] 31
Started game 35 of 1000 (base vs cand)
Finished game 32 (cand vs base): 0-1 {Black mates}
Score of base vs cand: 11 - 14 - 7  [0.453] 32
Started game 36 of 1000 (cand vs base)
Finished game 33 (base vs cand): 1/2-1/2 {Draw by insufficient mating material}
Score of base vs cand: 11 - 14 - 8  [0.455] 33
Started game 37 of 1000 (base vs cand)
Finished game 34 (cand vs base): 1/2-1/2 {Draw by 3-fold repetition}
Score of base vs cand: 11 - 14 - 9  [0.456] 34
Started game 38 of 1000 (cand vs base)
Finished game 37 (base vs cand): 1/2-1/2 {Draw by 3-fold repetition}
Score of base vs cand: 11 - 14 - 10  [0.457] 35
Started game 39 of 1000 (base vs cand)
Finished game 36 (cand vs base): 1-0 {White wins by adjudication}
Score of base vs cand: 11 - 15 - 10  [0.444] 36
Started game 40 of 1000 (cand vs base)
Finished game 35 (base vs cand): 1-0 {White wins by adjudication}
Score of base vs cand: 12 - 15 - 10  [0.459] 37
Started game 41 of 1000 (base vs cand)
Finished game 38 (cand vs base): 1-0 {White wins by adjudication}
Score of base vs cand: 12 - 16 - 10  [0.447] 38
Started game 42 of 1000 (cand vs base)
Finished game 39 (base vs cand): 1-0 {White wins by adjudication}
Score of base vs cand: 13 - 16 - 10  [0.462] 39
Started game 43 of 1000 (base vs cand)
Finished game 41 (base vs cand): 1/2-1/2 {Draw by 3-fold repetition}
Score of base vs cand: 13 - 16 - 11  [0.463] 40
Started game 44 of 1000 (cand vs base)
Finished game 40 (cand vs base): 1-0 {White wins by adjudication}
Score of base vs cand: 13 - 17 - 11  [0.451] 41
Started game 45 of 1000 (base vs cand)
Finished game 43 (base vs cand): 1-0 {White wins by adjudication}
Score of base vs cand: 14 - 17 - 11  [0.464] 42
Started game 46 of 1000 (cand vs base)
Finished game 44 (cand vs base): 1/2-1/2 {Draw by 3-fold repetition}
Score of base vs cand: 14 - 17 - 12  [0.465] 43
Started game 47 of 1000 (base vs cand)
Finished game 42 (cand vs base): 0-1 {Black wins by adjudication}
Score of base vs cand: 15 - 17 - 12  [0.477] 44
Started game 48 of 1000 (cand vs base)
Finished game 45 (base vs cand): 1/2-1/2 {Draw by insufficient mating material}
Score of base vs cand: 15 - 17 - 13  [0.478] 45
Started game 49 of 1000 (base vs cand)
Finished game 46 (cand vs base): 1/2-1/2 {Draw by insufficient mating material}
Score of base vs cand: 15 - 17 - 14  [0.478] 46
Started game 50 of 1000 (cand vs base)
Finished game 47 (base vs cand): 1-0 {White wins by adjudication}
Score of base vs cand: 16 - 17 - 14  [0.489] 47
Started game 51 of 1000 (base vs cand)
Finished game 48 (cand vs base): 1/2-1/2 {Draw by 3-fold repetition}
Score of base vs cand: 16 - 17 - 15  [0.490] 48
Started game 52 of 1000 (cand vs base)
Finished game 50 (cand vs base): 1/2-1/2 {Draw by 3-fold repetition}
Score of base vs cand: 16 - 17 - 16  [0.490] 49
Started game 53 of 1000 (base vs cand)
Finished game 49 (base vs cand): 1/2-1/2 {Draw by insufficient mating material}
Score of base vs cand: 16 - 17 - 17  [0.490] 50
...      base playing White: 9 - 8 - 8  [0.520] 25
...      base playing Black: 7 - 9 - 9  [0.460] 25
...      White vs Black: 18 - 15 - 17  [0.530] 50
Elo difference: -6.9 +/- 79.5, LOS: 43.1 %, DrawRatio: 34.0 %
Started game 54 of 1000 (cand vs base)
Finished game 52 (cand vs base): 1-0 {White wins by adjudication}
Score of base vs cand: 16 - 18 - 17  [0.480] 51
Started game 55 of 1000 (base vs cand)
Finished game 51 (base vs cand): 1/2-1/2 {Draw by 3-fold repetition}
Score of base vs cand: 16 - 18 - 18  [0.481] 52
Started game 56 of 1000 (cand vs base)
Finished game 53 (base vs cand): 1/2-1/2 {Draw by 3-fold repetition}
Score of base vs cand: 16 - 18 - 19  [0.481] 53
Started game 57 of 1000 (base vs cand)
Finished game 55 (base vs cand): 0-1 {Black wins by adjudication}
Score of base vs cand: 16 - 19 - 19  [0.472] 54
Started game 58 of 1000 (cand vs base)
Finished game 54 (cand vs base): 1/2-1/2 {Draw by 3-fold repetition}
Score of base vs cand: 16 - 19 - 20  [0.473] 55
Started game 59 of 1000 (base vs cand)
Finished game 57 (base vs cand): 1/2-1/2 {Draw by 3-fold repetition}
Score of base vs cand: 16 - 19 - 21  [0.473] 56
Started game 60 of 1000 (cand vs base)
Finished game 56 (cand vs base): 1-0 {White wins by adjudication}
Score of base vs cand: 16 - 20 - 21  [0.465] 57
Started game 61 of 1000 (base vs cand)
Finished game 61 (base vs cand): 1/2-1/2 {Draw by 3-fold repetition}
Score of base vs cand: 16 - 20 - 22  [0.466] 58
Started game 62 of 1000 (cand vs base)
Finished game 58 (cand vs base): 1-0 {White wins by adjudication}
Score of base vs cand: 16 - 21 - 22  [0.458] 59
Started game 63 of 1000 (base vs cand)
Finished game 60 (cand vs base): 1-0 {White wins by adjudication}
Score of base vs cand: 16 - 22 - 22  [0.450] 60
Started game 64 of 1000 (cand vs base)
Finished game 59 (base vs cand): 1/2-1/2 {Draw by 3-fold repetition}
Score of base vs cand: 16 - 22 - 23  [0.451] 61
Started game 65 of 1000 (base vs cand)
Finished game 62 (cand vs base): 0-1 {Black wins by adjudication}
Score of base vs cand: 17 - 22 - 23  [0.460] 62
Started game 66 of 1000 (cand vs base)
Finished game 63 (base vs cand): 0-1 {Black wins by adjudication}
Score of base vs cand: 17 - 23 - 23  [0.452] 63
Started game 67 of 1000 (base vs cand)
Finished game 64 (cand vs base): 1/2-1/2 {Draw by adjudication}
Score of base vs cand: 17 - 23 - 24  [0.453] 64
Started game 68 of 1000 (cand vs base)
Finished game 65 (base vs cand): 0-1 {Black wins by adjudication}
Score of base vs cand: 17 - 24 - 24  [0.446] 65
Started game 69 of 1000 (base vs cand)
Finished game 66 (cand vs base): 1-0 {White mates}
Score of base vs cand: 17 - 25 - 24  [0.439] 66
Started game 70 of 1000 (cand vs base)
Finished game 67 (base vs cand): 1/2-1/2 {Draw by 3-fold repetition}
Score of base vs cand: 17 - 25 - 25  [0.440] 67
Started game 71 of 1000 (base vs cand)
Finished game 68 (cand vs base): 1-0 {White wins by adjudication}
Score of base vs cand: 17 - 26 - 25  [0.434] 68
Started game 72 of 1000 (cand vs base)
Finished game 69 (base vs cand): 0-1 {Black wins by adjudication}
Score of base vs cand: 17 - 27 - 25  [0.428] 69
Started game 73 of 1000 (base vs cand)
Finished game 70 (cand vs base): 1/2-1/2 {Draw by adjudication}
Score of base vs cand: 17 - 27 - 26  [0.429] 70
Started game 74 of 1000 (cand vs base)
Finished game 71 (base vs cand): 1/2-1/2 {Draw by fifty moves rule}
Score of base vs cand: 17 - 27 - 27  [0.430] 71
Started game 75 of 1000 (base vs cand)
Finished game 72 (cand vs base): 1-0 {White wins by adjudication}
Score of base vs cand: 17 - 28 - 27  [0.424] 72
Started game 76 of 1000 (cand vs base)
Finished game 73 (base vs cand): 1/2-1/2 {Draw by adjudication}
Score of base vs cand: 17 - 28 - 28  [0.425] 73
Started game 77 of 1000 (base vs cand)
Finished game 74 (cand vs base): 1-0 {White wins by adjudication}
Score of base vs cand: 17 - 29 - 28  [0.419] 74
Started game 78 of 1000 (cand vs base)
Finished game 75 (base vs cand): 1-0 {White wins by adjudication}
Score of base vs cand: 18 - 29 - 28  [0.427] 75
Started game 79 of 1000 (base vs cand)
Finished game 76 (cand vs base): 1-0 {White wins by adjudication}
Score of base vs cand: 18 - 30 - 28  [0.421] 76
Started game 80 of 1000 (cand vs base)
Finished game 78 (cand vs base): 1/2-1/2 {Draw by 3-fold repetition}
Score of base vs cand: 18 - 30 - 29  [0.422] 77
Started game 81 of 1000 (base vs cand)
Finished game 77 (base vs cand): 1-0 {White wins by adjudication}
Score of base vs cand: 19 - 30 - 29  [0.429] 78
Started game 82 of 1000 (cand vs base)
Finished game 80 (cand vs base): 1/2-1/2 {Draw by 3-fold repetition}
Score of base vs cand: 19 - 30 - 30  [0.430] 79
Started game 83 of 1000 (base vs cand)
Finished game 79 (base vs cand): 1/2-1/2 {Draw by insufficient mating material}
Score of base vs cand: 19 - 30 - 31  [0.431] 80
Started game 84 of 1000 (cand vs base)
Finished game 82 (cand vs base): 0-1 {Black wins by adjudication}
Score of base vs cand: 20 - 30 - 31  [0.438] 81
Started game 85 of 1000 (base vs cand)
Finished game 83 (base vs cand): 1-0 {White wins by adjudication}
Score of base vs cand: 21 - 30 - 31  [0.445] 82
Started game 86 of 1000 (cand vs base)
Finished game 81 (base vs cand): 1/2-1/2 {Draw by 3-fold repetition}
Score of base vs cand: 21 - 30 - 32  [0.446] 83
Started game 87 of 1000 (base vs cand)
Finished game 84 (cand vs base): 1-0 {White wins by adjudication}
Score of base vs cand: 21 - 31 - 32  [0.440] 84
Started game 88 of 1000 (cand vs base)
Finished game 87 (base vs cand): 1/2-1/2 {Draw by 3-fold repetition}
Score of base vs cand: 21 - 31 - 33  [0.441] 85
Started game 89 of 1000 (base vs cand)
Finished game 85 (base vs cand): 1-0 {White wins by adjudication}
Score of base vs cand: 22 - 31 - 33  [0.448] 86
Started game 90 of 1000 (cand vs base)
Finished game 86 (cand vs base): 1-0 {White wins by adjudication}
Score of base vs cand: 22 - 32 - 33  [0.443] 87
Started game 91 of 1000 (base vs cand)
Finished game 88 (cand vs base): 1/2-1/2 {Draw by 3-fold repetition}
Score of base vs cand: 22 - 32 - 34  [0.443] 88
Started game 92 of 1000 (cand vs base)
Finished game 89 (base vs cand): 1/2-1/2 {Draw by 3-fold repetition}
Score of base vs cand: 22 - 32 - 35  [0.444] 89
Started game 93 of 1000 (base vs cand)
Finished game 91 (base vs cand): 0-1 {Black wins by adjudication}
Score of base vs cand: 22 - 33 - 35  [0.439] 90
Started game 94 of 1000 (cand vs base)
Finished game 90 (cand vs base): 1/2-1/2 {Draw by adjudication}
Score of base vs cand: 22 - 33 - 36  [0.440] 91
Started game 95 of 1000 (base vs cand)
Finished game 92 (cand vs base): 0-1 {Black wins by adjudication}
Score of base vs cand: 23 - 33 - 36  [0.446] 92
Started game 96 of 1000 (cand vs base)
Finished game 94 (cand vs base): 1/2-1/2 {Draw by adjudication}
Score of base vs cand: 23 - 33 - 37  [0.446] 93
Started game 97 of 1000 (base vs cand)
Finished game 93 (base vs cand): 1/2-1/2 {Draw by 3-fold repetition}
Score of base vs cand: 23 - 33 - 38  [0.447] 94
Started game 98 of 1000 (cand vs base)
Finished game 96 (cand vs base): 1-0 {White wins by adjudication}
Score of base vs cand: 23 - 34 - 38  [0.442] 95
Started game 99 of 1000 (base vs cand)
Finished game 95 (base vs cand): 1-0 {White wins by adjudication}
Score of base vs cand: 24 - 34 - 38  [0.448] 96
Started game 100 of 1000 (cand vs base)
Finished game 97 (base vs cand): 1-0 {White wins by adjudication}
Score of base vs cand: 25 - 34 - 38  [0.454] 97
Started game 101 of 1000 (base vs cand)
Finished game 98 (cand vs base): 1/2-1/2 {Draw by insufficient mating material}
Score of base vs cand: 25 - 34 - 39  [0.454] 98
Started game 102 of 1000 (cand vs base)
Finished game 100 (cand vs base): 1-0 {White mates}
Score of base vs cand: 25 - 35 - 39  [0.449] 99
Started game 103 of 1000 (base vs cand)
Finished game 99 (base vs cand): 0-1 {Black mates}
Score of base vs cand: 25 - 36 - 39  [0.445] 100
...      base playing White: 15 - 14 - 21  [0.510] 50
...      base playing Black: 10 - 22 - 18  [0.380] 50
...      White vs Black: 37 - 24 - 39  [0.565] 100
Elo difference: -38.4 +/- 53.7, LOS: 8.0 %, DrawRatio: 39.0 %
Started game 104 of 1000 (cand vs base)
Finished game 102 (cand vs base): 1/2-1/2 {Draw by 3-fold repetition}
Score of base vs cand: 25 - 36 - 40  [0.446] 101
Started game 105 of 1000 (base vs cand)
Finished game 101 (base vs cand): 0-1 {Black wins by adjudication}
Score of base vs cand: 25 - 37 - 40  [0.441] 102
Started game 106 of 1000 (cand vs base)
Finished game 103 (base vs cand): 1/2-1/2 {Draw by 3-fold repetition}
Score of base vs cand: 25 - 37 - 41  [0.442] 103
Started game 107 of 1000 (base vs cand)
Finished game 104 (cand vs base): 0-1 {Black wins by adjudication}
Score of base vs cand: 26 - 37 - 41  [0.447] 104
Started game 108 of 1000 (cand vs base)
Finished game 107 (base vs cand): 1/2-1/2 {Draw by 3-fold repetition}
Score of base vs cand: 26 - 37 - 42  [0.448] 105
Started game 109 of 1000 (base vs cand)
Finished game 105 (base vs cand): 0-1 {Black wins by adjudication}
Score of base vs cand: 26 - 38 - 42  [0.443] 106
Started game 110 of 1000 (cand vs base)
Finished game 106 (cand vs base): 1-0 {White wins by adjudication}
Score of base vs cand: 26 - 39 - 42  [0.439] 107
Started game 111 of 1000 (base vs cand)
Finished game 108 (cand vs base): 1/2-1/2 {Draw by adjudication}
Score of base vs cand: 26 - 39 - 43  [0.440] 108
Started game 112 of 1000 (cand vs base)
Finished game 110 (cand vs base): 1-0 {White wins by adjudication}
Score of base vs cand: 26 - 40 - 43  [0.436] 109
Started game 113 of 1000 (base vs cand)
Finished game 111 (base vs cand): 0-1 {Black wins by adjudication}
Score of base vs cand: 26 - 41 - 43  [0.432] 110
Started game 114 of 1000 (cand vs base)
Finished game 109 (base vs cand): 1-0 {White wins by adjudication}
Score of base vs cand: 27 - 41 - 43  [0.437] 111
Started game 115 of 1000 (base vs cand)
Finished game 112 (cand vs base): 1-0 {White mates}
Score of base vs cand: 27 - 42 - 43  [0.433] 112
Started game 116 of 1000 (cand vs base)
Finished game 114 (cand vs base): 0-1 {Black wins by adjudication}
Score of base vs cand: 28 - 42 - 43  [0.438] 113
Started game 117 of 1000 (base vs cand)
Finished game 113 (base vs cand): 1/2-1/2 {Draw by adjudication}
Score of base vs cand: 28 - 42 - 44  [0.439] 114
Started game 118 of 1000 (cand vs base)
Finished game 115 (base vs cand): 1-0 {White wins by adjudication}
Score of base vs cand: 29 - 42 - 44  [0.443] 115
Started game 119 of 1000 (base vs cand)
Finished game 116 (cand vs base): 1/2-1/2 {Draw by adjudication}
Score of base vs cand: 29 - 42 - 45  [0.444] 116
Started game 120 of 1000 (cand vs base)
Finished game 118 (cand vs base): 1-0 {White wins by adjudication}
Score of base vs cand: 29 - 43 - 45  [0.440] 117
Started game 121 of 1000 (base vs cand)
Finished game 117 (base vs cand): 1/2-1/2 {Draw by 3-fold repetition}
Score of base vs cand: 29 - 43 - 46  [0.441] 118
Started game 122 of 1000 (cand vs base)
Finished game 119 (base vs cand): 1/2-1/2 {Draw by 3-fold repetition}
Score of base vs cand: 29 - 43 - 47  [0.441] 119
Started game 123 of 1000 (base vs cand)
Finished game 120 (cand vs base): 1-0 {White wins by adjudication}
Score of base vs cand: 29 - 44 - 47  [0.438] 120
Started game 124 of 1000 (cand vs base)
Finished game 123 (base vs cand): 0-1 {Black wins by adjudication}
Score of base vs cand: 29 - 45 - 47  [0.434] 121
Started game 125 of 1000 (base vs cand)
Finished game 121 (base vs cand): 1-0 {White wins by adjudication}
Score of base vs cand: 30 - 45 - 47  [0.439] 122
Started game 126 of 1000 (cand vs base)
Finished game 122 (cand vs base): 0-1 {Black wins by adjudication}
Score of base vs cand: 31 - 45 - 47  [0.443] 123
Started game 127 of 1000 (base vs cand)
Finished game 127 (base vs cand): 1/2-1/2 {Draw by adjudication}
Score of base vs cand: 31 - 45 - 48  [0.444] 124
Started game 128 of 1000 (cand vs base)
Finished game 125 (base vs cand): 0-1 {Black wins by adjudication}
Score of base vs cand: 31 - 46 - 48  [0.440] 125
Started game 129 of 1000 (base vs cand)
Finished game 124 (cand vs base): 1/2-1/2 {Draw by adjudication}
Score of base vs cand: 31 - 46 - 49  [0.440] 126
Started game 130 of 1000 (cand vs base)
Finished game 126 (cand vs base): 0-1 {Black wins by adjudication}
Score of base vs cand: 32 - 46 - 49  [0.445] 127
Started game 131 of 1000 (base vs cand)
Finished game 128 (cand vs base): 0-1 {Black wins by adjudication}
Score of base vs cand: 33 - 46 - 49  [0.449] 128
Started game 132 of 1000 (cand vs base)
Finished game 131 (base vs cand): 0-1 {Black wins by adjudication}
Score of base vs cand: 33 - 47 - 49  [0.446] 129
Started game 133 of 1000 (base vs cand)
Finished game 129 (base vs cand): 1/2-1/2 {Draw by fifty moves rule}
Score of base vs cand: 33 - 47 - 50  [0.446] 130
Started game 134 of 1000 (cand vs base)
Finished game 130 (cand vs base): 0-1 {Black wins by adjudication}
Score of base vs cand: 34 - 47 - 50  [0.450] 131
Started game 135 of 1000 (base vs cand)
Finished game 132 (cand vs base): 1/2-1/2 {Draw by adjudication}
Score of base vs cand: 34 - 47 - 51  [0.451] 132
Started game 136 of 1000 (cand vs base)
Finished game 133 (base vs cand): 1-0 {White wins by adjudication}
Score of base vs cand: 35 - 47 - 51  [0.455] 133
Started game 137 of 1000 (base vs cand)
Finished game 135 (base vs cand): 1/2-1/2 {Draw by 3-fold repetition}
Score of base vs cand: 35 - 47 - 52  [0.455] 134
Started game 138 of 1000 (cand vs base)
Finished game 134 (cand vs base): 1/2-1/2 {Draw by adjudication}
Score of base vs cand: 35 - 47 - 53  [0.456] 135
Started game 139 of 1000 (base vs cand)
Finished game 136 (cand vs base): 1-0 {White wins by adjudication}
Score of base vs cand: 35 - 48 - 53  [0.452] 136
Started game 140 of 1000 (cand vs base)
Finished game 137 (base vs cand): 1-0 {White wins by adjudication}
Score of base vs cand: 36 - 48 - 53  [0.456] 137
Started game 141 of 1000 (base vs cand)
Finished game 138 (cand vs base): 0-1 {Black wins by adjudication}
Score of base vs cand: 37 - 48 - 53  [0.460] 138
Started game 142 of 1000 (cand vs base)
Finished game 139 (base vs cand): 1-0 {White wins by adjudication}
Score of base vs cand: 38 - 48 - 53  [0.464] 139
Started game 143 of 1000 (base vs cand)
Finished game 140 (cand vs base): 1-0 {White wins by adjudication}
Score of base vs cand: 38 - 49 - 53  [0.461] 140
Started game 144 of 1000 (cand vs base)
Finished game 141 (base vs cand): 1/2-1/2 {Draw by insufficient mating material}
Score of base vs cand: 38 - 49 - 54  [0.461] 141
Started game 145 of 1000 (base vs cand)
Finished game 142 (cand vs base): 0-1 {Black wins by adjudication}
Score of base vs cand: 39 - 49 - 54  [0.465] 142
Started game 146 of 1000 (cand vs base)
Finished game 143 (base vs cand): 0-1 {Black wins by adjudication}
Score of base vs cand: 39 - 50 - 54  [0.462] 143
Started game 147 of 1000 (base vs cand)
Finished game 144 (cand vs base): 0-1 {Black wins by adjudication}
Score of base vs cand: 40 - 50 - 54  [0.465] 144
Started game 148 of 1000 (cand vs base)
Finished game 145 (base vs cand): 1/2-1/2 {Draw by 3-fold repetition}
Score of base vs cand: 40 - 50 - 55  [0.466] 145
Started game 149 of 1000 (base vs cand)
Finished game 146 (cand vs base): 1-0 {White wins by adjudication}
Score of base vs cand: 40 - 51 - 55  [0.462] 146
Started game 150 of 1000 (cand vs base)
Finished game 147 (base vs cand): 1-0 {White wins by adjudication}
Score of base vs cand: 41 - 51 - 55  [0.466] 147
Started game 151 of 1000 (base vs cand)
Finished game 149 (base vs cand): 1-0 {White wins by adjudication}
Score of base vs cand: 42 - 51 - 55  [0.470] 148
Started game 152 of 1000 (cand vs base)
Finished game 148 (cand vs base): 1-0 {White wins by adjudication}
Score of base vs cand: 42 - 52 - 55  [0.466] 149
Started game 153 of 1000 (base vs cand)
Finished game 150 (cand vs base): 1/2-1/2 {Draw by insufficient mating material}
Score of base vs cand: 42 - 52 - 56  [0.467] 150
...      base playing White: 23 - 21 - 31  [0.513] 75
...      base playing Black: 19 - 31 - 25  [0.420] 75
...      White vs Black: 54 - 40 - 56  [0.547] 150
Elo difference: -23.2 +/- 44.2, LOS: 15.1 %, DrawRatio: 37.3 %
Started game 154 of 1000 (cand vs base)
Finished game 153 (base vs cand): 0-1 {Black wins by adjudication}
Score of base vs cand: 42 - 53 - 56  [0.464] 151
Started game 155 of 1000 (base vs cand)
Finished game 151 (base vs cand): 1/2-1/2 {Draw by insufficient mating material}
Score of base vs cand: 42 - 53 - 57  [0.464] 152
Started game 156 of 1000 (cand vs base)
Finished game 152 (cand vs base): 1/2-1/2 {Draw by adjudication}
Score of base vs cand: 42 - 53 - 58  [0.464] 153
Started game 157 of 1000 (base vs cand)
Finished game 154 (cand vs base): 0-1 {Black wins by adjudication}
Score of base vs cand: 43 - 53 - 58  [0.468] 154
Started game 158 of 1000 (cand vs base)
Finished game 155 (base vs cand): 1/2-1/2 {Draw by 3-fold repetition}
Score of base vs cand: 43 - 53 - 59  [0.468] 155
Started game 159 of 1000 (base vs cand)
Finished game 156 (cand vs base): 1/2-1/2 {Draw by insufficient mating material}
Score of base vs cand: 43 - 53 - 60  [0.468] 156
Started game 160 of 1000 (cand vs base)
Finished game 157 (base vs cand): 0-1 {Black wins by adjudication}
Score of base vs cand: 43 - 54 - 60  [0.465] 157
Started game 161 of 1000 (base vs cand)
Finished game 159 (base vs cand): 1/2-1/2 {Draw by 3-fold repetition}
Score of base vs cand: 43 - 54 - 61  [0.465] 158
Started game 162 of 1000 (cand vs base)
Finished game 158 (cand vs base): 0-1 {Black wins by adjudication}
Score of base vs cand: 44 - 54 - 61  [0.469] 159
Started game 163 of 1000 (base vs cand)
Finished game 160 (cand vs base): 1-0 {White mates}
Score of base vs cand: 44 - 55 - 61  [0.466] 160
Started game 164 of 1000 (cand vs base)
Finished game 161 (base vs cand): 0-1 {Black wins by adjudication}
Score of base vs cand: 44 - 56 - 61  [0.463] 161
Started game 165 of 1000 (base vs cand)
Finished game 164 (cand vs base): 1-0 {White wins by adjudication}
Score of base vs cand: 44 - 57 - 61  [0.460] 162
Started game 166 of 1000 (cand vs base)
Finished game 162 (cand vs base): 1/2-1/2 {Draw by adjudication}
Score of base vs cand: 44 - 57 - 62  [0.460] 163
Started game 167 of 1000 (base vs cand)
Finished game 163 (base vs cand): 1/2-1/2 {Draw by adjudication}
Score of base vs cand: 44 - 57 - 63  [0.460] 164
Started game 168 of 1000 (cand vs base)
Finished game 167 (base vs cand): 1/2-1/2 {Draw by 3-fold repetition}
Score of base vs cand: 44 - 57 - 64  [0.461] 165
Started game 169 of 1000 (base vs cand)
Finished game 166 (cand vs base): 1/2-1/2 {Draw by 3-fold repetition}
Score of base vs cand: 44 - 57 - 65  [0.461] 166
Started game 170 of 1000 (cand vs base)
Finished game 165 (base vs cand): 1-0 {White wins by adjudication}
Score of base vs cand: 45 - 57 - 65  [0.464] 167
Started game 171 of 1000 (base vs cand)
Finished game 168 (cand vs base): 1-0 {White wins by adjudication}
Score of base vs cand: 45 - 58 - 65  [0.461] 168
Started game 172 of 1000 (cand vs base)
Finished game 171 (base vs cand): 1/2-1/2 {Draw by adjudication}
Score of base vs cand: 45 - 58 - 66  [0.462] 169
Started game 173 of 1000 (base vs cand)
Finished game 170 (cand vs base): 1/2-1/2 {Draw by 3-fold repetition}
Score of base vs cand: 45 - 58 - 67  [0.462] 170
Started game 174 of 1000 (cand vs base)
Finished game 169 (base vs cand): 1/2-1/2 {Draw by adjudication}
Score of base vs cand: 45 - 58 - 68  [0.462] 171
Started game 175 of 1000 (base vs cand)
Finished game 172 (cand vs base): 1/2-1/2 {Draw by insufficient mating material}
Score of base vs cand: 45 - 58 - 69  [0.462] 172
Started game 176 of 1000 (cand vs base)
Finished game 173 (base vs cand): 1/2-1/2 {Draw by insufficient mating material}
Score of base vs cand: 45 - 58 - 70  [0.462] 173
Started game 177 of 1000 (base vs cand)
Finished game 174 (cand vs base): 1/2-1/2 {Draw by adjudication}
Score of base vs cand: 45 - 58 - 71  [0.463] 174
Started game 178 of 1000 (cand vs base)
Finished game 177 (base vs cand): 1/2-1/2 {Draw by 3-fold repetition}
Score of base vs cand: 45 - 58 - 72  [0.463] 175
Started game 179 of 1000 (base vs cand)
Finished game 175 (base vs cand): 1/2-1/2 {Draw by 3-fold repetition}
Score of base vs cand: 45 - 58 - 73  [0.463] 176
Started game 180 of 1000 (cand vs base)
Finished game 176 (cand vs base): 1/2-1/2 {Draw by insufficient mating material}
Score of base vs cand: 45 - 58 - 74  [0.463] 177
Started game 181 of 1000 (base vs cand)
Finished game 178 (cand vs base): 1-0 {Black loses on time}
Score of base vs cand: 45 - 59 - 74  [0.461] 178
Started game 182 of 1000 (cand vs base)
Finished game 180 (cand vs base): 0-1 {Black mates}
Score of base vs cand: 46 - 59 - 74  [0.464] 179
Started game 183 of 1000 (base vs cand)
Finished game 181 (base vs cand): 1/2-1/2 {Draw by adjudication}
Score of base vs cand: 46 - 59 - 75  [0.464] 180
Started game 184 of 1000 (cand vs base)
Finished game 179 (base vs cand): 0-1 {Black wins by adjudication}
Score of base vs cand: 46 - 60 - 75  [0.461] 181
Started game 185 of 1000 (base vs cand)
Finished game 182 (cand vs base): 0-1 {Black mates}
Score of base vs cand: 47 - 60 - 75  [0.464] 182
Started game 186 of 1000 (cand vs base)
Finished game 183 (base vs cand): 1/2-1/2 {Draw by 3-fold repetition}
Score of base vs cand: 47 - 60 - 76  [0.464] 183
Started game 187 of 1000 (base vs cand)
Finished game 184 (cand vs base): 0-1 {Black wins by adjudication}
Score of base vs cand: 48 - 60 - 76  [0.467] 184
Started game 188 of 1000 (cand vs base)
Finished game 185 (base vs cand): 1-0 {White wins by adjudication}
Score of base vs cand: 49 - 60 - 76  [0.470] 185
Started game 189 of 1000 (base vs cand)
Finished game 186 (cand vs base): 0-1 {Black wins by adjudication}
Score of base vs cand: 50 - 60 - 76  [0.473] 186
Started game 190 of 1000 (cand vs base)
Finished game 188 (cand vs base): 1/2-1/2 {Draw by 3-fold repetition}
Score of base vs cand: 50 - 60 - 77  [0.473] 187
Started game 191 of 1000 (base vs cand)
Finished game 187 (base vs cand): 1-0 {White wins by adjudication}
Score of base vs cand: 51 - 60 - 77  [0.476] 188
Started game 192 of 1000 (cand vs base)
Finished game 189 (base vs cand): 0-1 {Black wins by adjudication}
Score of base vs cand: 51 - 61 - 77  [0.474] 189
Started game 193 of 1000 (base vs cand)
Finished game 192 (cand vs base): 1-0 {White wins by adjudication}
Score of base vs cand: 51 - 62 - 77  [0.471] 190
Started game 194 of 1000 (cand vs base)
Finished game 190 (cand vs base): 1-0 {White mates}
Score of base vs cand: 51 - 63 - 77  [0.469] 191
Started game 195 of 1000 (base vs cand)
Finished game 191 (base vs cand): 1-0 {White wins by adjudication}
Score of base vs cand: 52 - 63 - 77  [0.471] 192
Started game 196 of 1000 (cand vs base)
Finished game 193 (base vs cand): 1/2-1/2 {Draw by 3-fold repetition}
Score of base vs cand: 52 - 63 - 78  [0.472] 193
Started game 197 of 1000 (base vs cand)
Finished game 194 (cand vs base): 1/2-1/2 {Draw by 3-fold repetition}
Score of base vs cand: 52 - 63 - 79  [0.472] 194
Started game 198 of 1000 (cand vs base)
Finished game 195 (base vs cand): 0-1 {Black wins by adjudication}
Score of base vs cand: 52 - 64 - 79  [0.469] 195
Started game 199 of 1000 (base vs cand)
Finished game 197 (base vs cand): 1-0 {White wins by adjudication}
Score of base vs cand: 53 - 64 - 79  [0.472] 196
Started game 200 of 1000 (cand vs base)
Finished game 196 (cand vs base): 0-1 {Black wins by adjudication}
Score of base vs cand: 54 - 64 - 79  [0.475] 197
Started game 201 of 1000 (base vs cand)
Finished game 199 (base vs cand): 1/2-1/2 {Draw by 3-fold repetition}
Score of base vs cand: 54 - 64 - 80  [0.475] 198
Started game 202 of 1000 (cand vs base)
Finished game 198 (cand vs base): 0-1 {Black wins by adjudication}
Score of base vs cand: 55 - 64 - 80  [0.477] 199
Started game 203 of 1000 (base vs cand)
Finished game 200 (cand vs base): 1-0 {White wins by adjudication}
Score of base vs cand: 55 - 65 - 80  [0.475] 200
...      base playing White: 28 - 27 - 45  [0.505] 100
...      base playing Black: 27 - 38 - 35  [0.445] 100
...      White vs Black: 66 - 54 - 80  [0.530] 200
Elo difference: -17.4 +/- 37.4, LOS: 18.1 %, DrawRatio: 40.0 %
Started game 204 of 1000 (cand vs base)
Finished game 201 (base vs cand): 1/2-1/2 {Draw by adjudication}
Score of base vs cand: 55 - 65 - 81  [0.475] 201
Started game 205 of 1000 (base vs cand)
Finished game 202 (cand vs base): 1/2-1/2 {Draw by 3-fold repetition}
Score of base vs cand: 55 - 65 - 82  [0.475] 202
Started game 206 of 1000 (cand vs base)
Finished game 203 (base vs cand): 1-0 {White mates}
Score of base vs cand: 56 - 65 - 82  [0.478] 203
Started game 207 of 1000 (base vs cand)
Finished game 205 (base vs cand): 0-1 {Black wins by adjudication}
Score of base vs cand: 56 - 66 - 82  [0.475] 204
Started game 208 of 1000 (cand vs base)
Finished game 207 (base vs cand): 1-0 {White wins by adjudication}
Score of base vs cand: 57 - 66 - 82  [0.478] 205
Started game 209 of 1000 (base vs cand)
Finished game 206 (cand vs base): 1-0 {White wins by adjudication}
Score of base vs cand: 57 - 67 - 82  [0.476] 206
Started game 210 of 1000 (cand vs base)
Finished game 204 (cand vs base): 0-1 {Black wins by adjudication}
Score of base vs cand: 58 - 67 - 82  [0.478] 207
Started game 211 of 1000 (base vs cand)
Finished game 208 (cand vs base): 0-1 {Black wins by adjudication}
Score of base vs cand: 59 - 67 - 82  [0.481] 208
Started game 212 of 1000 (cand vs base)
Finished game 210 (cand vs base): 1-0 {White wins by adjudication}
Score of base vs cand: 59 - 68 - 82  [0.478] 209
Started game 213 of 1000 (base vs cand)
Finished game 209 (base vs cand): 1-0 {White wins by adjudication}
Score of base vs cand: 60 - 68 - 82  [0.481] 210
Started game 214 of 1000 (cand vs base)
Finished game 211 (base vs cand): 0-1 {Black wins by adjudication}
Score of base vs cand: 60 - 69 - 82  [0.479] 211
Started game 215 of 1000 (base vs cand)
Finished game 212 (cand vs base): 1/2-1/2 {Draw by 3-fold repetition}
Score of base vs cand: 60 - 69 - 83  [0.479] 212
Started game 216 of 1000 (cand vs base)
Finished game 215 (base vs cand): 1/2-1/2 {Draw by adjudication}
Score of base vs cand: 60 - 69 - 84  [0.479] 213
Started game 217 of 1000 (base vs cand)
Finished game 214 (cand vs base): 0-1 {Black wins by adjudication}
Score of base vs cand: 61 - 69 - 84  [0.481] 214
Started game 218 of 1000 (cand vs base)
Finished game 213 (base vs cand): 0-1 {Black wins by adjudication}
Score of base vs cand: 61 - 70 - 84  [0.479] 215
Started game 219 of 1000 (base vs cand)
Finished game 216 (cand vs base): 0-1 {Black wins by adjudication}
Score of base vs cand: 62 - 70 - 84  [0.481] 216
Started game 220 of 1000 (cand vs base)
Finished game 219 (base vs cand): 1-0 {White wins by adjudication}
Score of base vs cand: 63 - 70 - 84  [0.484] 217
Started game 221 of 1000 (base vs cand)
Finished game 220 (cand vs base): 1/2-1/2 {Draw by adjudication}
Score of base vs cand: 63 - 70 - 85  [0.484] 218
Started game 222 of 1000 (cand vs base)
Finished game 217 (base vs cand): 0-1 {Black wins by adjudication}
Score of base vs cand: 63 - 71 - 85  [0.482] 219
Started game 223 of 1000 (base vs cand)
Finished game 218 (cand vs base): 1/2-1/2 {Draw by 3-fold repetition}
Score of base vs cand: 63 - 71 - 86  [0.482] 220
Started game 224 of 1000 (cand vs base)
Finished game 222 (cand vs base): 1-0 {White wins by adjudication}
Score of base vs cand: 63 - 72 - 86  [0.480] 221
Started game 225 of 1000 (base vs cand)
Finished game 221 (base vs cand): 1-0 {White wins by adjudication}
Score of base vs cand: 64 - 72 - 86  [0.482] 222
Started game 226 of 1000 (cand vs base)
Finished game 224 (cand vs base): 0-1 {Black wins by adjudication}
Score of base vs cand: 65 - 72 - 86  [0.484] 223
Started game 227 of 1000 (base vs cand)
Finished game 223 (base vs cand): 1/2-1/2 {Draw by stalemate}
Score of base vs cand: 65 - 72 - 87  [0.484] 224
Started game 228 of 1000 (cand vs base)
Finished game 225 (base vs cand): 0-1 {Black wins by adjudication}
Score of base vs cand: 65 - 73 - 87  [0.482] 225
Started game 229 of 1000 (base vs cand)
Finished game 226 (cand vs base): 0-1 {Black wins by adjudication}
Score of base vs cand: 66 - 73 - 87  [0.485] 226
Started game 230 of 1000 (cand vs base)
Finished game 228 (cand vs base): 1/2-1/2 {Draw by adjudication}
Score of base vs cand: 66 - 73 - 88  [0.485] 227
Started game 231 of 1000 (base vs cand)
Finished game 229 (base vs cand): 1/2-1/2 {Draw by 3-fold repetition}
Score of base vs cand: 66 - 73 - 89  [0.485] 228
Started game 232 of 1000 (cand vs base)
Finished game 227 (base vs cand): 0-1 {Black wins by adjudication}
Score of base vs cand: 66 - 74 - 89  [0.483] 229
Started game 233 of 1000 (base vs cand)
Finished game 230 (cand vs base): 1/2-1/2 {Draw by 3-fold repetition}
Score of base vs cand: 66 - 74 - 90  [0.483] 230
Started game 234 of 1000 (cand vs base)
Finished game 233 (base vs cand): 1/2-1/2 {Draw by 3-fold repetition}
Score of base vs cand: 66 - 74 - 91  [0.483] 231
Started game 235 of 1000 (base vs cand)
Finished game 231 (base vs cand): 1-0 {White wins by adjudication}
Score of base vs cand: 67 - 74 - 91  [0.485] 232
Started game 236 of 1000 (cand vs base)
Finished game 232 (cand vs base): 0-1 {Black wins by adjudication}
Score of base vs cand: 68 - 74 - 91  [0.487] 233
Started game 237 of 1000 (base vs cand)
Finished game 234 (cand vs base): 1-0 {White wins by adjudication}
Score of base vs cand: 68 - 75 - 91  [0.485] 234
Started game 238 of 1000 (cand vs base)
Finished game 235 (base vs cand): 1/2-1/2 {Draw by 3-fold repetition}
Score of base vs cand: 68 - 75 - 92  [0.485] 235
Started game 239 of 1000 (base vs cand)
Finished game 236 (cand vs base): 1-0 {White wins by adjudication}
Score of base vs cand: 68 - 76 - 92  [0.483] 236
Started game 240 of 1000 (cand vs base)
Finished game 237 (base vs cand): 1-0 {White wins by adjudication}
Score of base vs cand: 69 - 76 - 92  [0.485] 237
Started game 241 of 1000 (base vs cand)
Finished game 239 (base vs cand): 1/2-1/2 {Draw by adjudication}
Score of base vs cand: 69 - 76 - 93  [0.485] 238
Started game 242 of 1000 (cand vs base)
Finished game 238 (cand vs base): 0-1 {Black wins by adjudication}
Score of base vs cand: 70 - 76 - 93  [0.487] 239
Started game 243 of 1000 (base vs cand)
Finished game 240 (cand vs base): 1/2-1/2 {Draw by 3-fold repetition}
Score of base vs cand: 70 - 76 - 94  [0.487] 240
Started game 244 of 1000 (cand vs base)
Finished game 241 (base vs cand): 0-1 {Black wins by adjudication}
Score of base vs cand: 70 - 77 - 94  [0.485] 241
Started game 245 of 1000 (base vs cand)
Finished game 244 (cand vs base): 1/2-1/2 {Draw by 3-fold repetition}
Score of base vs cand: 70 - 77 - 95  [0.486] 242
Started game 246 of 1000 (cand vs base)
Finished game 242 (cand vs base): 1/2-1/2 {Draw by insufficient mating material}
Score of base vs cand: 70 - 77 - 96  [0.486] 243
Started game 247 of 1000 (base vs cand)
Finished game 243 (base vs cand): 0-1 {Black wins by adjudication}
Score of base vs cand: 70 - 78 - 96  [0.484] 244
Started game 248 of 1000 (cand vs base)
Finished game 245 (base vs cand): 1-0 {White wins by adjudication}
Score of base vs cand: 71 - 78 - 96  [0.486] 245
Started game 249 of 1000 (base vs cand)
Finished game 246 (cand vs base): 1-0 {White wins by adjudication}
Score of base vs cand: 71 - 79 - 96  [0.484] 246
Started game 250 of 1000 (cand vs base)
Finished game 247 (base vs cand): 1-0 {White wins by adjudication}
Score of base vs cand: 72 - 79 - 96  [0.486] 247
Started game 251 of 1000 (base vs cand)
Finished game 248 (cand vs base): 1/2-1/2 {Draw by 3-fold repetition}
Score of base vs cand: 72 - 79 - 97  [0.486] 248
Started game 252 of 1000 (cand vs base)
Finished game 249 (base vs cand): 0-1 {Black mates}
Score of base vs cand: 72 - 80 - 97  [0.484] 249
Started game 253 of 1000 (base vs cand)
Finished game 250 (cand vs base): 1-0 {White wins by adjudication}
Score of base vs cand: 72 - 81 - 97  [0.482] 250
...      base playing White: 37 - 36 - 52  [0.504] 125
...      base playing Black: 35 - 45 - 45  [0.460] 125
...      White vs Black: 82 - 71 - 97  [0.522] 250
Elo difference: -12.5 +/- 33.8, LOS: 23.3 %, DrawRatio: 38.8 %
Started game 254 of 1000 (cand vs base)
Finished game 252 (cand vs base): 0-1 {Black wins by adjudication}
Score of base vs cand: 73 - 81 - 97  [0.484] 251
Started game 255 of 1000 (base vs cand)
Finished game 254 (cand vs base): 1-0 {White wins by adjudication}
Score of base vs cand: 73 - 82 - 97  [0.482] 252
Started game 256 of 1000 (cand vs base)
Finished game 253 (base vs cand): 1-0 {White wins by adjudication}
Score of base vs cand: 74 - 82 - 97  [0.484] 253
Started game 257 of 1000 (base vs cand)
Finished game 251 (base vs cand): 1-0 {White wins by adjudication}
Score of base vs cand: 75 - 82 - 97  [0.486] 254
Started game 258 of 1000 (cand vs base)
Finished game 257 (base vs cand): 0-1 {Black wins by adjudication}
Score of base vs cand: 75 - 83 - 97  [0.484] 255
Started game 259 of 1000 (base vs cand)
Finished game 256 (cand vs base): 1-0 {White mates}
Score of base vs cand: 75 - 84 - 97  [0.482] 256
Started game 260 of 1000 (cand vs base)
Finished game 255 (base vs cand): 1/2-1/2 {Draw by adjudication}
Score of base vs cand: 75 - 84 - 98  [0.482] 257
Started game 261 of 1000 (base vs cand)
Finished game 258 (cand vs base): 0-1 {Black wins by adjudication}
Score of base vs cand: 76 - 84 - 98  [0.484] 258
Started game 262 of 1000 (cand vs base)
Finished game 259 (base vs cand): 0-1 {Black wins by adjudication}
Score of base vs cand: 76 - 85 - 98  [0.483] 259
Started game 263 of 1000 (base vs cand)
Finished game 260 (cand vs base): 0-1 {Black wins by adjudication}
Score of base vs cand: 77 - 85 - 98  [0.485] 260
Started game 264 of 1000 (cand vs base)
Finished game 261 (base vs cand): 1-0 {White wins by adjudication}
Score of base vs cand: 78 - 85 - 98  [0.487] 261
Started game 265 of 1000 (base vs cand)
Finished game 262 (cand vs base): 1-0 {White wins by adjudication}
Score of base vs cand: 78 - 86 - 98  [0.485] 262
Started game 266 of 1000 (cand vs base)
Finished game 264 (cand vs base): 1/2-1/2 {Draw by 3-fold repetition}
Score of base vs cand: 78 - 86 - 99  [0.485] 263
Started game 267 of 1000 (base vs cand)
Finished game 266 (cand vs base): 1/2-1/2 {Draw by 3-fold repetition}
Score of base vs cand: 78 - 86 - 100  [0.485] 264
Started game 268 of 1000 (cand vs base)
Finished game 263 (base vs cand): 0-1 {Black wins by adjudication}
Score of base vs cand: 78 - 87 - 100  [0.483] 265
Started game 269 of 1000 (base vs cand)
Finished game 265 (base vs cand): 1-0 {White wins by adjudication}
Score of base vs cand: 79 - 87 - 100  [0.485] 266
Started game 270 of 1000 (cand vs base)
Finished game 267 (base vs cand): 1-0 {White wins by adjudication}
Score of base vs cand: 80 - 87 - 100  [0.487] 267
Started game 271 of 1000 (base vs cand)
Finished game 268 (cand vs base): 1-0 {White wins by adjudication}
Score of base vs cand: 80 - 88 - 100  [0.485] 268
Started game 272 of 1000 (cand vs base)
Finished game 269 (base vs cand): 0-1 {Black wins by adjudication}
Score of base vs cand: 80 - 89 - 100  [0.483] 269
Started game 273 of 1000 (base vs cand)
Finished game 270 (cand vs base): 0-1 {Black mates}
Score of base vs cand: 81 - 89 - 100  [0.485] 270
Started game 274 of 1000 (cand vs base)
Finished game 271 (base vs cand): 1-0 {White wins by adjudication}
Score of base vs cand: 82 - 89 - 100  [0.487] 271
Started game 275 of 1000 (base vs cand)
Finished game 272 (cand vs base): 1/2-1/2 {Draw by adjudication}
Score of base vs cand: 82 - 89 - 101  [0.487] 272
Started game 276 of 1000 (cand vs base)
Finished game 274 (cand vs base): 1-0 {White wins by adjudication}
Score of base vs cand: 82 - 90 - 101  [0.485] 273
Started game 277 of 1000 (base vs cand)
Finished game 273 (base vs cand): 0-1 {Black wins by adjudication}
Score of base vs cand: 82 - 91 - 101  [0.484] 274
Started game 278 of 1000 (cand vs base)
Finished game 277 (base vs cand): 0-1 {Black wins by adjudication}
Score of base vs cand: 82 - 92 - 101  [0.482] 275
Started game 279 of 1000 (base vs cand)
Finished game 275 (base vs cand): 0-1 {Black mates}
Score of base vs cand: 82 - 93 - 101  [0.480] 276
Started game 280 of 1000 (cand vs base)
Finished game 276 (cand vs base): 0-1 {Black wins by adjudication}
Score of base vs cand: 83 - 93 - 101  [0.482] 277
Started game 281 of 1000 (base vs cand)
Finished game 278 (cand vs base): 1-0 {White wins by adjudication}
Score of base vs cand: 83 - 94 - 101  [0.480] 278
Started game 282 of 1000 (cand vs base)
Finished game 280 (cand vs base): 1-0 {White wins by adjudication}
Score of base vs cand: 83 - 95 - 101  [0.478] 279
Started game 283 of 1000 (base vs cand)
Finished game 281 (base vs cand): 1-0 {White wins by adjudication}
Score of base vs cand: 84 - 95 - 101  [0.480] 280
Started game 284 of 1000 (cand vs base)
Finished game 279 (base vs cand): 1/2-1/2 {Draw by insufficient mating material}
Score of base vs cand: 84 - 95 - 102  [0.480] 281
Started game 285 of 1000 (base vs cand)
Finished game 282 (cand vs base): 1/2-1/2 {Draw by insufficient mating material}
Score of base vs cand: 84 - 95 - 103  [0.480] 282
Started game 286 of 1000 (cand vs base)
Finished game 285 (base vs cand): 0-1 {Black mates}
Score of base vs cand: 84 - 96 - 103  [0.479] 283
Started game 287 of 1000 (base vs cand)
Finished game 284 (cand vs base): 1/2-1/2 {Draw by adjudication}
Score of base vs cand: 84 - 96 - 104  [0.479] 284
Started game 288 of 1000 (cand vs base)
Finished game 283 (base vs cand): 1-0 {White wins by adjudication}
Score of base vs cand: 85 - 96 - 104  [0.481] 285
Started game 289 of 1000 (base vs cand)
Finished game 289 (base vs cand): 1-0 {White wins by adjudication}
Score of base vs cand: 86 - 96 - 104  [0.483] 286
Started game 290 of 1000 (cand vs base)
Finished game 288 (cand vs base): 0-1 {Black mates}
Score of base vs cand: 87 - 96 - 104  [0.484] 287
Started game 291 of 1000 (base vs cand)
Finished game 286 (cand vs base): 1/2-1/2 {Draw by fifty moves rule}
Score of base vs cand: 87 - 96 - 105  [0.484] 288
Started game 292 of 1000 (cand vs base)
Finished game 287 (base vs cand): 1/2-1/2 {Draw by insufficient mating material}
Score of base vs cand: 87 - 96 - 106  [0.484] 289
Started game 293 of 1000 (base vs cand)
Finished game 290 (cand vs base): 0-1 {Black wins by adjudication}
Score of base vs cand: 88 - 96 - 106  [0.486] 290
Started game 294 of 1000 (cand vs base)
Finished game 292 (cand vs base): 0-1 {Black wins by adjudication}
Score of base vs cand: 89 - 96 - 106  [0.488] 291
Started game 295 of 1000 (base vs cand)
Finished game 291 (base vs cand): 1/2-1/2 {Draw by insufficient mating material}
Score of base vs cand: 89 - 96 - 107  [0.488] 292
Started game 296 of 1000 (cand vs base)
Finished game 293 (base vs cand): 0-1 {Black wins by adjudication}
Score of base vs cand: 89 - 97 - 107  [0.486] 293
Started game 297 of 1000 (base vs cand)
Finished game 295 (base vs cand): 1-0 {White wins by adjudication}
Score of base vs cand: 90 - 97 - 107  [0.488] 294
Started game 298 of 1000 (cand vs base)
Finished game 294 (cand vs base): 1-0 {White wins by adjudication}
Score of base vs cand: 90 - 98 - 107  [0.486] 295
Started game 299 of 1000 (base vs cand)
Finished game 297 (base vs cand): 1/2-1/2 {Draw by 3-fold repetition}
Score of base vs cand: 90 - 98 - 108  [0.486] 296
Started game 300 of 1000 (cand vs base)
Finished game 298 (cand vs base): 1/2-1/2 {Draw by adjudication}
Score of base vs cand: 90 - 98 - 109  [0.487] 297
Started game 301 of 1000 (base vs cand)
Finished game 296 (cand vs base): 1/2-1/2 {Draw by fifty moves rule}
Score of base vs cand: 90 - 98 - 110  [0.487] 298
Started game 302 of 1000 (cand vs base)
Finished game 299 (base vs cand): 1/2-1/2 {Draw by 3-fold repetition}
Score of base vs cand: 90 - 98 - 111  [0.487] 299
Started game 303 of 1000 (base vs cand)
Finished game 300 (cand vs base): 1/2-1/2 {Draw by 3-fold repetition}
Score of base vs cand: 90 - 98 - 112  [0.487] 300
...      base playing White: 47 - 45 - 58  [0.507] 150
...      base playing Black: 43 - 53 - 54  [0.467] 150
...      White vs Black: 100 - 88 - 112  [0.520] 300
Elo difference: -9.3 +/- 31.2, LOS: 28.0 %, DrawRatio: 37.3 %
Started game 304 of 1000 (cand vs base)
Finished game 302 (cand vs base): 1/2-1/2 {Draw by 3-fold repetition}
Score of base vs cand: 90 - 98 - 113  [0.487] 301
Started game 305 of 1000 (base vs cand)
Finished game 301 (base vs cand): 1/2-1/2 {Draw by adjudication}
Score of base vs cand: 90 - 98 - 114  [0.487] 302
Started game 306 of 1000 (cand vs base)
Finished game 303 (base vs cand): 0-1 {Black wins by adjudication}
Score of base vs cand: 90 - 99 - 114  [0.485] 303
Started game 307 of 1000 (base vs cand)
Finished game 304 (cand vs base): 1-0 {White wins by adjudication}
Score of base vs cand: 90 - 100 - 114  [0.484] 304
Started game 308 of 1000 (cand vs base)
Finished game 307 (base vs cand): 1/2-1/2 {Draw by 3-fold repetition}
Score of base vs cand: 90 - 100 - 115  [0.484] 305
Started game 309 of 1000 (base vs cand)
Finished game 306 (cand vs base): 1/2-1/2 {Draw by adjudication}
Score of base vs cand: 90 - 100 - 116  [0.484] 306
Started game 310 of 1000 (cand vs base)
Finished game 305 (base vs cand): 1/2-1/2 {Draw by adjudication}
Score of base vs cand: 90 - 100 - 117  [0.484] 307
Started game 311 of 1000 (base vs cand)
Finished game 308 (cand vs base): 1-0 {White wins by adjudication}
Score of base vs cand: 90 - 101 - 117  [0.482] 308
Started game 312 of 1000 (cand vs base)
Finished game 309 (base vs cand): 1/2-1/2 {Draw by adjudication}
Score of base vs cand: 90 - 101 - 118  [0.482] 309
Started game 313 of 1000 (base vs cand)
Finished game 310 (cand vs base): 1/2-1/2 {Draw by 3-fold repetition}
Score of base vs cand: 90 - 101 - 119  [0.482] 310
Started game 314 of 1000 (cand vs base)
Finished game 312 (cand vs base): 1/2-1/2 {Draw by 3-fold repetition}
Score of base vs cand: 90 - 101 - 120  [0.482] 311
Started game 315 of 1000 (base vs cand)
Finished game 311 (base vs cand): 1-0 {White wins by adjudication}
Score of base vs cand: 91 - 101 - 120  [0.484] 312
Started game 316 of 1000 (cand vs base)
Finished game 313 (base vs cand): 1-0 {White wins by adjudication}
Score of base vs cand: 92 - 101 - 120  [0.486] 313
Started game 317 of 1000 (base vs cand)
Finished game 315 (base vs cand): 1-0 {White mates}
Score of base vs cand: 93 - 101 - 120  [0.487] 314
Started game 318 of 1000 (cand vs base)
Finished game 314 (cand vs base): 1-0 {White wins by adjudication}
Score of base vs cand: 93 - 102 - 120  [0.486] 315
Started game 319 of 1000 (base vs cand)
Finished game 317 (base vs cand): 1-0 {White wins by adjudication}
Score of base vs cand: 94 - 102 - 120  [0.487] 316
Started game 320 of 1000 (cand vs base)
Finished game 316 (cand vs base): 0-1 {Black wins by adjudication}
Score of base vs cand: 95 - 102 - 120  [0.489] 317
Started game 321 of 1000 (base vs cand)
Finished game 319 (base vs cand): 0-1 {Black wins by adjudication}
Score of base vs cand: 95 - 103 - 120  [0.487] 318
Started game 322 of 1000 (cand vs base)
Finished game 318 (cand vs base): 1-0 {White wins by adjudication}
Score of base vs cand: 95 - 104 - 120  [0.486] 319
Started game 323 of 1000 (base vs cand)
Finished game 321 (base vs cand): 1/2-1/2 {Draw by 3-fold repetition}
Score of base vs cand: 95 - 104 - 121  [0.486] 320
Started game 324 of 1000 (cand vs base)
Finished game 320 (cand vs base): 1/2-1/2 {Draw by adjudication}
Score of base vs cand: 95 - 104 - 122  [0.486] 321
Started game 325 of 1000 (base vs cand)
Finished game 322 (cand vs base): 1-0 {White wins by adjudication}
Score of base vs cand: 95 - 105 - 122  [0.484] 322
Started game 326 of 1000 (cand vs base)
Finished game 323 (base vs cand): 0-1 {Black wins by adjudication}
Score of base vs cand: 95 - 106 - 122  [0.483] 323
Started game 327 of 1000 (base vs cand)
Finished game 324 (cand vs base): 1/2-1/2 {Draw by 3-fold repetition}
Score of base vs cand: 95 - 106 - 123  [0.483] 324
Started game 328 of 1000 (cand vs base)
Finished game 325 (base vs cand): 1/2-1/2 {Draw by 3-fold repetition}
Score of base vs cand: 95 - 106 - 124  [0.483] 325
Started game 329 of 1000 (base vs cand)
Finished game 326 (cand vs base): 0-1 {Black mates}
Score of base vs cand: 96 - 106 - 124  [0.485] 326
Started game 330 of 1000 (cand vs base)
Finished game 327 (base vs cand): 1/2-1/2 {Draw by adjudication}
Score of base vs cand: 96 - 106 - 125  [0.485] 327
Started game 331 of 1000 (base vs cand)
Finished game 328 (cand vs base): 1-0 {White wins by adjudication}
Score of base vs cand: 96 - 107 - 125  [0.483] 328
Started game 332 of 1000 (cand vs base)
Finished game 329 (base vs cand): 1/2-1/2 {Draw by adjudication}
Score of base vs cand: 96 - 107 - 126  [0.483] 329
Started game 333 of 1000 (base vs cand)
Finished game 332 (cand vs base): 1/2-1/2 {Draw by 3-fold repetition}
Score of base vs cand: 96 - 107 - 127  [0.483] 330
Started game 334 of 1000 (cand vs base)
Finished game 331 (base vs cand): 1/2-1/2 {Draw by adjudication}
Score of base vs cand: 96 - 107 - 128  [0.483] 331
Started game 335 of 1000 (base vs cand)
Finished game 330 (cand vs base): 1/2-1/2 {Draw by adjudication}
Score of base vs cand: 96 - 107 - 129  [0.483] 332
Started game 336 of 1000 (cand vs base)
Finished game 333 (base vs cand): 1/2-1/2 {Draw by 3-fold repetition}
Score of base vs cand: 96 - 107 - 130  [0.483] 333
Started game 337 of 1000 (base vs cand)
Finished game 336 (cand vs base): 1-0 {White wins by adjudication}
Score of base vs cand: 96 - 108 - 130  [0.482] 334
Started game 338 of 1000 (cand vs base)
Finished game 334 (cand vs base): 1-0 {White wins by adjudication}
Score of base vs cand: 96 - 109 - 130  [0.481] 335
Started game 339 of 1000 (base vs cand)
Finished game 335 (base vs cand): 1-0 {White wins by adjudication}
Score of base vs cand: 97 - 109 - 130  [0.482] 336
Started game 340 of 1000 (cand vs base)
Finished game 337 (base vs cand): 1/2-1/2 {Draw by 3-fold repetition}
Score of base vs cand: 97 - 109 - 131  [0.482] 337
Started game 341 of 1000 (base vs cand)
Finished game 339 (base vs cand): 1/2-1/2 {Draw by 3-fold repetition}
Score of base vs cand: 97 - 109 - 132  [0.482] 338
Started game 342 of 1000 (cand vs base)
Finished game 338 (cand vs base): 1/2-1/2 {Draw by adjudication}
Score of base vs cand: 97 - 109 - 133  [0.482] 339
Started game 343 of 1000 (base vs cand)
Finished game 340 (cand vs base): 1-0 {White wins by adjudication}
Score of base vs cand: 97 - 110 - 133  [0.481] 340
Started game 344 of 1000 (cand vs base)
Finished game 341 (base vs cand): 1-0 {White wins by adjudication}
Score of base vs cand: 98 - 110 - 133  [0.482] 341
Started game 345 of 1000 (base vs cand)
Finished game 343 (base vs cand): 0-1 {Black wins by adjudication}
Score of base vs cand: 98 - 111 - 133  [0.481] 342
Started game 346 of 1000 (cand vs base)
Finished game 345 (base vs cand): 0-1 {Black wins by adjudication}
Score of base vs cand: 98 - 112 - 133  [0.480] 343
Started game 347 of 1000 (base vs cand)
Finished game 342 (cand vs base): 0-1 {Black wins by adjudication}
Score of base vs cand: 99 - 112 - 133  [0.481] 344
Started game 348 of 1000 (cand vs base)
Finished game 344 (cand vs base): 1/2-1/2 {Draw by 3-fold repetition}
Score of base vs cand: 99 - 112 - 134  [0.481] 345
Started game 349 of 1000 (base vs cand)
Finished game 349 (base vs cand): 1-0 {White wins by adjudication}
Score of base vs cand: 100 - 112 - 134  [0.483] 346
Started game 350 of 1000 (cand vs base)
Finished game 346 (cand vs base): 0-1 {Black wins by adjudication}
Score of base vs cand: 101 - 112 - 134  [0.484] 347
Started game 351 of 1000 (base vs cand)
Finished game 347 (base vs cand): 1/2-1/2 {Draw by adjudication}
Score of base vs cand: 101 - 112 - 135  [0.484] 348
Started game 352 of 1000 (cand vs base)
Finished game 348 (cand vs base): 1-0 {White mates}
Score of base vs cand: 101 - 113 - 135  [0.483] 349
Started game 353 of 1000 (base vs cand)
Finished game 350 (cand vs base): 1-0 {White wins by adjudication}
Score of base vs cand: 101 - 114 - 135  [0.481] 350
...      base playing White: 54 - 50 - 71  [0.511] 175
...      base playing Black: 47 - 64 - 64  [0.451] 175
...      White vs Black: 118 - 97 - 135  [0.530] 350
Elo difference: -12.9 +/- 28.6, LOS: 18.8 %, DrawRatio: 38.6 %
Started game 354 of 1000 (cand vs base)
Finished game 351 (base vs cand): 0-1 {Black wins by adjudication}
Score of base vs cand: 101 - 115 - 135  [0.480] 351
Started game 355 of 1000 (base vs cand)
Finished game 353 (base vs cand): 1/2-1/2 {Draw by adjudication}
Score of base vs cand: 101 - 115 - 136  [0.480] 352
Started game 356 of 1000 (cand vs base)
Finished game 352 (cand vs base): 1/2-1/2 {Draw by stalemate}
Score of base vs cand: 101 - 115 - 137  [0.480] 353
Started game 357 of 1000 (base vs cand)
Finished game 354 (cand vs base): 1/2-1/2 {Draw by insufficient mating material}
Score of base vs cand: 101 - 115 - 138  [0.480] 354
Started game 358 of 1000 (cand vs base)
Finished game 356 (cand vs base): 1-0 {White mates}
Score of base vs cand: 101 - 116 - 138  [0.479] 355
Started game 359 of 1000 (base vs cand)
Finished game 357 (base vs cand): 1-0 {White wins by adjudication}
Score of base vs cand: 102 - 116 - 138  [0.480] 356
Started game 360 of 1000 (cand vs base)
Finished game 355 (base vs cand): 1-0 {White wins by adjudication}
Score of base vs cand: 103 - 116 - 138  [0.482] 357
Started game 361 of 1000 (base vs cand)
Finished game 359 (base vs cand): 0-1 {Black wins by adjudication}
Score of base vs cand: 103 - 117 - 138  [0.480] 358
Started game 362 of 1000 (cand vs base)
Finished game 358 (cand vs base): 1-0 {White wins by adjudication}
Score of base vs cand: 103 - 118 - 138  [0.479] 359
Started game 363 of 1000 (base vs cand)
Finished game 360 (cand vs base): 0-1 {Black wins by adjudication}
Score of base vs cand: 104 - 118 - 138  [0.481] 360
Started game 364 of 1000 (cand vs base)
Finished game 361 (base vs cand): 0-1 {Black wins by adjudication}
Score of base vs cand: 104 - 119 - 138  [0.479] 361
Started game 365 of 1000 (base vs cand)
Finished game 362 (cand vs base): 0-1 {Black wins by adjudication}
Score of base vs cand: 105 - 119 - 138  [0.481] 362
Started game 366 of 1000 (cand vs base)
Finished game 363 (base vs cand): 1-0 {White wins by adjudication}
Score of base vs cand: 106 - 119 - 138  [0.482] 363
Started game 367 of 1000 (base vs cand)
Finished game 364 (cand vs base): 1-0 {White wins by adjudication}
Score of base vs cand: 106 - 120 - 138  [0.481] 364
Started game 368 of 1000 (cand vs base)
Finished game 365 (base vs cand): 0-1 {Black wins by adjudication}
Score of base vs cand: 106 - 121 - 138  [0.479] 365
Started game 369 of 1000 (base vs cand)
Finished game 369 (base vs cand): 1/2-1/2 {Draw by 3-fold repetition}
Score of base vs cand: 106 - 121 - 139  [0.480] 366
Started game 370 of 1000 (cand vs base)
Finished game 366 (cand vs base): 0-1 {Black mates}
Score of base vs cand: 107 - 121 - 139  [0.481] 367
Started game 371 of 1000 (base vs cand)
Finished game 367 (base vs cand): 1/2-1/2 {Draw by 3-fold repetition}
Score of base vs cand: 107 - 121 - 140  [0.481] 368
Started game 372 of 1000 (cand vs base)
Finished game 368 (cand vs base): 1-0 {White mates}
Score of base vs cand: 107 - 122 - 140  [0.480] 369
Started game 373 of 1000 (base vs cand)
Finished game 370 (cand vs base): 1/2-1/2 {Draw by 3-fold repetition}
Score of base vs cand: 107 - 122 - 141  [0.480] 370
Started game 374 of 1000 (cand vs base)
Finished game 371 (base vs cand): 0-1 {Black wins by adjudication}
Score of base vs cand: 107 - 123 - 141  [0.478] 371
Started game 375 of 1000 (base vs cand)
Finished game 372 (cand vs base): 0-1 {Black wins by adjudication}
Score of base vs cand: 108 - 123 - 141  [0.480] 372
Started game 376 of 1000 (cand vs base)
Finished game 373 (base vs cand): 0-1 {Black wins by adjudication}
Score of base vs cand: 108 - 124 - 141  [0.479] 373
Started game 377 of 1000 (base vs cand)
Finished game 374 (cand vs base): 1-0 {White wins by adjudication}
Score of base vs cand: 108 - 125 - 141  [0.477] 374
Started game 378 of 1000 (cand vs base)
Finished game 375 (base vs cand): 0-1 {Black wins by adjudication}
Score of base vs cand: 108 - 126 - 141  [0.476] 375
Started game 379 of 1000 (base vs cand)
Finished game 376 (cand vs base): 1-0 {White wins by adjudication}
Score of base vs cand: 108 - 127 - 141  [0.475] 376
Started game 380 of 1000 (cand vs base)
Finished game 377 (base vs cand): 1-0 {White wins by adjudication}
Score of base vs cand: 109 - 127 - 141  [0.476] 377
Started game 381 of 1000 (base vs cand)
Finished game 380 (cand vs base): 1-0 {White wins by adjudication}
Score of base vs cand: 109 - 128 - 141  [0.475] 378
Started game 382 of 1000 (cand vs base)
Finished game 378 (cand vs base): 0-1 {Black wins by adjudication}
Score of base vs cand: 110 - 128 - 141  [0.476] 379
Started game 383 of 1000 (base vs cand)
Finished game 379 (base vs cand): 1/2-1/2 {Draw by adjudication}
Score of base vs cand: 110 - 128 - 142  [0.476] 380
Started game 384 of 1000 (cand vs base)
Finished game 381 (base vs cand): 0-1 {Black wins by adjudication}
Score of base vs cand: 110 - 129 - 142  [0.475] 381
Started game 385 of 1000 (base vs cand)
Finished game 382 (cand vs base): 1-0 {White mates}
Score of base vs cand: 110 - 130 - 142  [0.474] 382
Started game 386 of 1000 (cand vs base)
Finished game 383 (base vs cand): 0-1 {Black mates}
Score of base vs cand: 110 - 131 - 142  [0.473] 383
Started game 387 of 1000 (base vs cand)
Finished game 384 (cand vs base): 1-0 {White wins by adjudication}
Score of base vs cand: 110 - 132 - 142  [0.471] 384
Started game 388 of 1000 (cand vs base)
Finished game 385 (base vs cand): 0-1 {Black wins by adjudication}
Score of base vs cand: 110 - 133 - 142  [0.470] 385
Started game 389 of 1000 (base vs cand)
Finished game 388 (cand vs base): 1/2-1/2 {Draw by 3-fold repetition}
Score of base vs cand: 110 - 133 - 143  [0.470] 386
Started game 390 of 1000 (cand vs base)
Finished game 387 (base vs cand): 1/2-1/2 {Draw by insufficient mating material}
Score of base vs cand: 110 - 133 - 144  [0.470] 387
Started game 391 of 1000 (base vs cand)
Finished game 386 (cand vs base): 1/2-1/2 {Draw by insufficient mating material}
Score of base vs cand: 110 - 133 - 145  [0.470] 388
Started game 392 of 1000 (cand vs base)
Finished game 389 (base vs cand): 1/2-1/2 {Draw by adjudication}
Score of base vs cand: 110 - 133 - 146  [0.470] 389
Started game 393 of 1000 (base vs cand)
Finished game 390 (cand vs base): 1/2-1/2 {Draw by adjudication}
Score of base vs cand: 110 - 133 - 147  [0.471] 390
Started game 394 of 1000 (cand vs base)
Finished game 393 (base vs cand): 1/2-1/2 {Draw by 3-fold repetition}
Score of base vs cand: 110 - 133 - 148  [0.471] 391
Started game 395 of 1000 (base vs cand)
Finished game 392 (cand vs base): 1-0 {White wins by adjudication}
Score of base vs cand: 110 - 134 - 148  [0.469] 392
Started game 396 of 1000 (cand vs base)
Finished game 391 (base vs cand): 1/2-1/2 {Draw by adjudication}
Score of base vs cand: 110 - 134 - 149  [0.469] 393
Started game 397 of 1000 (base vs cand)
Finished game 394 (cand vs base): 1-0 {White wins by adjudication}
Score of base vs cand: 110 - 135 - 149  [0.468] 394
Started game 398 of 1000 (cand vs base)
Finished game 395 (base vs cand): 1/2-1/2 {Draw by 3-fold repetition}
Score of base vs cand: 110 - 135 - 150  [0.468] 395
Started game 399 of 1000 (base vs cand)
Finished game 396 (cand vs base): 0-1 {Black wins by adjudication}
Score of base vs cand: 111 - 135 - 150  [0.470] 396
Started game 400 of 1000 (cand vs base)
Finished game 397 (base vs cand): 0-1 {Black mates}
Score of base vs cand: 111 - 136 - 150  [0.469] 397
Started game 401 of 1000 (base vs cand)
Finished game 399 (base vs cand): 0-1 {Black wins by adjudication}
Score of base vs cand: 111 - 137 - 150  [0.467] 398
Started game 402 of 1000 (cand vs base)
Finished game 398 (cand vs base): 1-0 {White mates}
Score of base vs cand: 111 - 138 - 150  [0.466] 399
Started game 403 of 1000 (base vs cand)
Finished game 400 (cand vs base): 1-0 {White wins by adjudication}
Score of base vs cand: 111 - 139 - 150  [0.465] 400
...      base playing White: 58 - 62 - 80  [0.490] 200
...      base playing Black: 53 - 77 - 70  [0.440] 200
...      White vs Black: 135 - 115 - 150  [0.525] 400
Elo difference: -24.4 +/- 27.0, LOS: 3.8 %, DrawRatio: 37.5 %
Started game 404 of 1000 (cand vs base)
Finished game 401 (base vs cand): 1/2-1/2 {Draw by adjudication}
Score of base vs cand: 111 - 139 - 151  [0.465] 401
Started game 405 of 1000 (base vs cand)
Finished game 403 (base vs cand): 1/2-1/2 {Draw by adjudication}
Score of base vs cand: 111 - 139 - 152  [0.465] 402
Started game 406 of 1000 (cand vs base)
Finished game 404 (cand vs base): 1-0 {White wins by adjudication}
Score of base vs cand: 111 - 140 - 152  [0.464] 403
Started game 407 of 1000 (base vs cand)
Finished game 405 (base vs cand): 0-1 {Black mates}
Score of base vs cand: 111 - 141 - 152  [0.463] 404
Started game 408 of 1000 (cand vs base)
Finished game 402 (cand vs base): 1-0 {White mates}
Score of base vs cand: 111 - 142 - 152  [0.462] 405
Started game 409 of 1000 (base vs cand)
Finished game 406 (cand vs base): 1/2-1/2 {Draw by 3-fold repetition}
Score of base vs cand: 111 - 142 - 153  [0.462] 406
Started game 410 of 1000 (cand vs base)
Finished game 409 (base vs cand): 0-1 {Black wins by adjudication}
Score of base vs cand: 111 - 143 - 153  [0.461] 407
Started game 411 of 1000 (base vs cand)
Finished game 408 (cand vs base): 1/2-1/2 {Draw by 3-fold repetition}
Score of base vs cand: 111 - 143 - 154  [0.461] 408
Started game 412 of 1000 (cand vs base)
Finished game 407 (base vs cand): 1/2-1/2 {Draw by fifty moves rule}
Score of base vs cand: 111 - 143 - 155  [0.461] 409
Started game 413 of 1000 (base vs cand)
Finished game 410 (cand vs base): 0-1 {Black mates}
Score of base vs cand: 112 - 143 - 155  [0.462] 410
Started game 414 of 1000 (cand vs base)
Finished game 412 (cand vs base): 1/2-1/2 {Draw by adjudication}
Score of base vs cand: 112 - 143 - 156  [0.462] 411
Started game 415 of 1000 (base vs cand)
Finished game 413 (base vs cand): 1-0 {White wins by adjudication}
Score of base vs cand: 113 - 143 - 156  [0.464] 412
Started game 416 of 1000 (cand vs base)
Finished game 411 (base vs cand): 1/2-1/2 {Draw by insufficient mating material}
Score of base vs cand: 113 - 143 - 157  [0.464] 413
Started game 417 of 1000 (base vs cand)
Finished game 414 (cand vs base): 0-1 {Black wins by adjudication}
Score of base vs cand: 114 - 143 - 157  [0.465] 414
Started game 418 of 1000 (cand vs base)
Finished game 415 (base vs cand): 0-1 {Black wins by adjudication}
Score of base vs cand: 114 - 144 - 157  [0.464] 415
Started game 419 of 1000 (base vs cand)
Finished game 416 (cand vs base): 1-0 {White wins by adjudication}
Score of base vs cand: 114 - 145 - 157  [0.463] 416
Started game 420 of 1000 (cand vs base)
Finished game 417 (base vs cand): 1/2-1/2 {Draw by adjudication}
Score of base vs cand: 114 - 145 - 158  [0.463] 417
Started game 421 of 1000 (base vs cand)
Finished game 421 (base vs cand): 1/2-1/2 {Draw by 3-fold repetition}
Score of base vs cand: 114 - 145 - 159  [0.463] 418
Started game 422 of 1000 (cand vs base)
Finished game 419 (base vs cand): 1-0 {White wins by adjudication}
Score of base vs cand: 115 - 145 - 159  [0.464] 419
Started game 423 of 1000 (base vs cand)
Finished game 420 (cand vs base): 1-0 {White wins by adjudication}
Score of base vs cand: 115 - 146 - 159  [0.463] 420
Started game 424 of 1000 (cand vs base)
Finished game 418 (cand vs base): 1/2-1/2 {Draw by adjudication}
Score of base vs cand: 115 - 146 - 160  [0.463] 421
Started game 425 of 1000 (base vs cand)
Finished game 422 (cand vs base): 1/2-1/2 {Draw by 3-fold repetition}
Score of base vs cand: 115 - 146 - 161  [0.463] 422
Started game 426 of 1000 (cand vs base)
Finished game 424 (cand vs base): 1-0 {White wins by adjudication}
Score of base vs cand: 115 - 147 - 161  [0.462] 423
Started game 427 of 1000 (base vs cand)
Finished game 425 (base vs cand): 0-1 {Black wins by adjudication}
Score of base vs cand: 115 - 148 - 161  [0.461] 424
Started game 428 of 1000 (cand vs base)
Finished game 423 (base vs cand): 1/2-1/2 {Draw by adjudication}
Score of base vs cand: 115 - 148 - 162  [0.461] 425
Started game 429 of 1000 (base vs cand)
Finished game 426 (cand vs base): 0-1 {Black wins by adjudication}
Score of base vs cand: 116 - 148 - 162  [0.462] 426
Started game 430 of 1000 (cand vs base)
Finished game 427 (base vs cand): 1/2-1/2 {Draw by 3-fold repetition}
Score of base vs cand: 116 - 148 - 163  [0.463] 427
Started game 431 of 1000 (base vs cand)
Finished game 428 (cand vs base): 1-0 {White wins by adjudication}
Score of base vs cand: 116 - 149 - 163  [0.461] 428
Started game 432 of 1000 (cand vs base)
Finished game 429 (base vs cand): 1-0 {White mates}
Score of base vs cand: 117 - 149 - 163  [0.463] 429
Started game 433 of 1000 (base vs cand)
Finished game 431 (base vs cand): 0-1 {Black wins by adjudication}
Score of base vs cand: 117 - 150 - 163  [0.462] 430
Started game 434 of 1000 (cand vs base)
Finished game 430 (cand vs base): 0-1 {Black wins by adjudication}
Score of base vs cand: 118 - 150 - 163  [0.463] 431
Started game 435 of 1000 (base vs cand)
Finished game 433 (base vs cand): 0-1 {Black mates}
Score of base vs cand: 118 - 151 - 163  [0.462] 432
Started game 436 of 1000 (cand vs base)
Finished game 432 (cand vs base): 1/2-1/2 {Draw by adjudication}
Score of base vs cand: 118 - 151 - 164  [0.462] 433
Started game 437 of 1000 (base vs cand)
Finished game 434 (cand vs base): 1-0 {White wins by adjudication}
Score of base vs cand: 118 - 152 - 164  [0.461] 434
Started game 438 of 1000 (cand vs base)
Finished game 437 (base vs cand): 0-1 {Black wins by adjudication}
Score of base vs cand: 118 - 153 - 164  [0.460] 435
Started game 439 of 1000 (base vs cand)
Finished game 435 (base vs cand): 1/2-1/2 {Draw by 3-fold repetition}
Score of base vs cand: 118 - 153 - 165  [0.460] 436
Started game 440 of 1000 (cand vs base)
Finished game 436 (cand vs base): 1-0 {White wins by adjudication}
Score of base vs cand: 118 - 154 - 165  [0.459] 437
Started game 441 of 1000 (base vs cand)
Finished game 439 (base vs cand): 0-1 {Black wins by adjudication}
Score of base vs cand: 118 - 155 - 165  [0.458] 438
Started game 442 of 1000 (cand vs base)
Finished game 441 (base vs cand): 1/2-1/2 {Draw by adjudication}
Score of base vs cand: 118 - 155 - 166  [0.458] 439
Started game 443 of 1000 (base vs cand)
Finished game 440 (cand vs base): 1/2-1/2 {Draw by 3-fold repetition}
Score of base vs cand: 118 - 155 - 167  [0.458] 440
Started game 444 of 1000 (cand vs base)
Finished game 438 (cand vs base): 1/2-1/2 {Draw by 3-fold repetition}
Score of base vs cand: 118 - 155 - 168  [0.458] 441
Started game 445 of 1000 (base vs cand)
Finished game 442 (cand vs base): 0-1 {Black wins by adjudication}
Score of base vs cand: 119 - 155 - 168  [0.459] 442
Started game 446 of 1000 (cand vs base)
Finished game 443 (base vs cand): 1-0 {White wins by adjudication}
Score of base vs cand: 120 - 155 - 168  [0.460] 443
Started game 447 of 1000 (base vs cand)
Finished game 444 (cand vs base): 1-0 {White wins by adjudication}
Score of base vs cand: 120 - 156 - 168  [0.459] 444
Started game 448 of 1000 (cand vs base)
Finished game 445 (base vs cand): 0-1 {Black wins by adjudication}
Score of base vs cand: 120 - 157 - 168  [0.458] 445
Started game 449 of 1000 (base vs cand)
Finished game 446 (cand vs base): 1/2-1/2 {Draw by adjudication}
Score of base vs cand: 120 - 157 - 169  [0.459] 446
Started game 450 of 1000 (cand vs base)
Finished game 447 (base vs cand): 1-0 {White wins by adjudication}
Score of base vs cand: 121 - 157 - 169  [0.460] 447
Started game 451 of 1000 (base vs cand)
Finished game 448 (cand vs base): 1-0 {White wins by adjudication}
Score of base vs cand: 121 - 158 - 169  [0.459] 448
Started game 452 of 1000 (cand vs base)
Finished game 450 (cand vs base): 0-1 {Black wins by adjudication}
Score of base vs cand: 122 - 158 - 169  [0.460] 449
Started game 453 of 1000 (base vs cand)
Finished game 451 (base vs cand): 1/2-1/2 {Draw by 3-fold repetition}
Score of base vs cand: 122 - 158 - 170  [0.460] 450
...      base playing White: 63 - 71 - 91  [0.482] 225
...      base playing Black: 59 - 87 - 79  [0.438] 225
...      White vs Black: 150 - 130 - 170  [0.522] 450
Elo difference: -27.9 +/- 25.4, LOS: 1.6 %, DrawRatio: 37.8 %
Started game 454 of 1000 (cand vs base)
Finished game 452 (cand vs base): 0-1 {Black wins by adjudication}
Score of base vs cand: 123 - 158 - 170  [0.461] 451
Started game 455 of 1000 (base vs cand)
Finished game 449 (base vs cand): 0-1 {Black wins by adjudication}
Score of base vs cand: 123 - 159 - 170  [0.460] 452
Started game 456 of 1000 (cand vs base)
Finished game 453 (base vs cand): 1/2-1/2 {Draw by 3-fold repetition}
Score of base vs cand: 123 - 159 - 171  [0.460] 453
Started game 457 of 1000 (base vs cand)
Finished game 454 (cand vs base): 1-0 {White wins by adjudication}
Score of base vs cand: 123 - 160 - 171  [0.459] 454
Started game 458 of 1000 (cand vs base)
Finished game 455 (base vs cand): 1-0 {White wins by adjudication}
Score of base vs cand: 124 - 160 - 171  [0.460] 455
Started game 459 of 1000 (base vs cand)
Finished game 456 (cand vs base): 1/2-1/2 {Draw by 3-fold repetition}
Score of base vs cand: 124 - 160 - 172  [0.461] 456
Started game 460 of 1000 (cand vs base)
Finished game 457 (base vs cand): 1/2-1/2 {Draw by insufficient mating material}
Score of base vs cand: 124 - 160 - 173  [0.461] 457
Started game 461 of 1000 (base vs cand)
Finished game 459 (base vs cand): 1/2-1/2 {Draw by 3-fold repetition}
Score of base vs cand: 124 - 160 - 174  [0.461] 458
Started game 462 of 1000 (cand vs base)
Finished game 460 (cand vs base): 1-0 {White wins by adjudication}
Score of base vs cand: 124 - 161 - 174  [0.460] 459
Started game 463 of 1000 (base vs cand)
Finished game 458 (cand vs base): 1-0 {White wins by adjudication}
Score of base vs cand: 124 - 162 - 174  [0.459] 460
Started game 464 of 1000 (cand vs base)
Finished game 461 (base vs cand): 1-0 {White wins by adjudication}
Score of base vs cand: 125 - 162 - 174  [0.460] 461
Started game 465 of 1000 (base vs cand)
Finished game 462 (cand vs base): 0-1 {Black wins by adjudication}
Score of base vs cand: 126 - 162 - 174  [0.461] 462
Started game 466 of 1000 (cand vs base)
Finished game 463 (base vs cand): 1-0 {White mates}
Score of base vs cand: 127 - 162 - 174  [0.462] 463
Started game 467 of 1000 (base vs cand)
Finished game 464 (cand vs base): 1-0 {White wins by adjudication}
Score of base vs cand: 127 - 163 - 174  [0.461] 464
Started game 468 of 1000 (cand vs base)
Finished game 466 (cand vs base): 0-1 {Black wins by adjudication}
Score of base vs cand: 128 - 163 - 174  [0.462] 465
Started game 469 of 1000 (base vs cand)
Finished game 465 (base vs cand): 1/2-1/2 {Draw by 3-fold repetition}
Score of base vs cand: 128 - 163 - 175  [0.462] 466
Started game 470 of 1000 (cand vs base)
Finished game 467 (base vs cand): 1-0 {White wins by adjudication}
Score of base vs cand: 129 - 163 - 175  [0.464] 467
Started game 471 of 1000 (base vs cand)
Finished game 468 (cand vs base): 1/2-1/2 {Draw by 3-fold repetition}
Score of base vs cand: 129 - 163 - 176  [0.464] 468
Started game 472 of 1000 (cand vs base)
Finished game 470 (cand vs base): 1/2-1/2 {Draw by 3-fold repetition}
Score of base vs cand: 129 - 163 - 177  [0.464] 469
Started game 473 of 1000 (base vs cand)
Finished game 469 (base vs cand): 1-0 {White wins by adjudication}
Score of base vs cand: 130 - 163 - 177  [0.465] 470
Started game 474 of 1000 (cand vs base)
Finished game 472 (cand vs base): 1-0 {White mates}
Score of base vs cand: 130 - 164 - 177  [0.464] 471
Started game 475 of 1000 (base vs cand)
Finished game 471 (base vs cand): 1/2-1/2 {Draw by adjudication}
Score of base vs cand: 130 - 164 - 178  [0.464] 472
Started game 476 of 1000 (cand vs base)
Finished game 474 (cand vs base): 1/2-1/2 {Draw by adjudication}
Score of base vs cand: 130 - 164 - 179  [0.464] 473
Started game 477 of 1000 (base vs cand)
Finished game 473 (base vs cand): 0-1 {Black wins by adjudication}
Score of base vs cand: 130 - 165 - 179  [0.463] 474
Started game 478 of 1000 (cand vs base)
Finished game 476 (cand vs base): 1/2-1/2 {Draw by insufficient mating material}
Score of base vs cand: 130 - 165 - 180  [0.463] 475
Started game 479 of 1000 (base vs cand)
Finished game 477 (base vs cand): 1/2-1/2 {Draw by 3-fold repetition}
Score of base vs cand: 130 - 165 - 181  [0.463] 476
Started game 480 of 1000 (cand vs base)
Finished game 475 (base vs cand): 0-1 {Black wins by adjudication}
Score of base vs cand: 130 - 166 - 181  [0.462] 477
Started game 481 of 1000 (base vs cand)
Finished game 478 (cand vs base): 1/2-1/2 {Draw by adjudication}
Score of base vs cand: 130 - 166 - 182  [0.462] 478
Started game 482 of 1000 (cand vs base)
Finished game 479 (base vs cand): 0-1 {Black wins by adjudication}
Score of base vs cand: 130 - 167 - 182  [0.461] 479
Started game 483 of 1000 (base vs cand)
Finished game 481 (base vs cand): 0-1 {Black wins by adjudication}
Score of base vs cand: 130 - 168 - 182  [0.460] 480
Started game 484 of 1000 (cand vs base)
Finished game 480 (cand vs base): 0-1 {Black wins by adjudication}
Score of base vs cand: 131 - 168 - 182  [0.462] 481
Started game 485 of 1000 (base vs cand)
Finished game 482 (cand vs base): 1/2-1/2 {Draw by 3-fold repetition}
Score of base vs cand: 131 - 168 - 183  [0.462] 482
Started game 486 of 1000 (cand vs base)
Finished game 483 (base vs cand): 0-1 {Black wins by adjudication}
Score of base vs cand: 131 - 169 - 183  [0.461] 483
Started game 487 of 1000 (base vs cand)
Finished game 484 (cand vs base): 0-1 {Black wins by adjudication}
Score of base vs cand: 132 - 169 - 183  [0.462] 484
Started game 488 of 1000 (cand vs base)
Finished game 486 (cand vs base): 0-1 {Black mates}
Score of base vs cand: 133 - 169 - 183  [0.463] 485
Started game 489 of 1000 (base vs cand)
Finished game 485 (base vs cand): 0-1 {Black wins by adjudication}
Score of base vs cand: 133 - 170 - 183  [0.462] 486
Started game 490 of 1000 (cand vs base)
Finished game 487 (base vs cand): 1-0 {White wins by adjudication}
Score of base vs cand: 134 - 170 - 183  [0.463] 487
Started game 491 of 1000 (base vs cand)
Finished game 489 (base vs cand): 1/2-1/2 {Draw by 3-fold repetition}
Score of base vs cand: 134 - 170 - 184  [0.463] 488
Started game 492 of 1000 (cand vs base)
Finished game 488 (cand vs base): 1-0 {White wins by adjudication}
Score of base vs cand: 134 - 171 - 184  [0.462] 489
Started game 493 of 1000 (base vs cand)
Finished game 491 (base vs cand): 1/2-1/2 {Draw by 3-fold repetition}
Score of base vs cand: 134 - 171 - 185  [0.462] 490
Started game 494 of 1000 (cand vs base)
Finished game 490 (cand vs base): 1-0 {White wins by adjudication}
Score of base vs cand: 134 - 172 - 185  [0.461] 491
Started game 495 of 1000 (base vs cand)
Finished game 492 (cand vs base): 1-0 {White wins by adjudication}
Score of base vs cand: 134 - 173 - 185  [0.460] 492
Started game 496 of 1000 (cand vs base)
Finished game 493 (base vs cand): 0-1 {Black wins by adjudication}
Score of base vs cand: 134 - 174 - 185  [0.459] 493
Started game 497 of 1000 (base vs cand)
Finished game 494 (cand vs base): 1/2-1/2 {Draw by adjudication}
Score of base vs cand: 134 - 174 - 186  [0.460] 494
Started game 498 of 1000 (cand vs base)
Finished game 495 (base vs cand): 1-0 {White wins by adjudication}
Score of base vs cand: 135 - 174 - 186  [0.461] 495
Started game 499 of 1000 (base vs cand)
Finished game 496 (cand vs base): 1/2-1/2 {Draw by 3-fold repetition}
Score of base vs cand: 135 - 174 - 187  [0.461] 496
Started game 500 of 1000 (cand vs base)
Finished game 497 (base vs cand): 1/2-1/2 {Draw by 3-fold repetition}
Score of base vs cand: 135 - 174 - 188  [0.461] 497
Started game 501 of 1000 (base vs cand)
Finished game 498 (cand vs base): 1-0 {White wins by adjudication}
Score of base vs cand: 135 - 175 - 188  [0.460] 498
Started game 502 of 1000 (cand vs base)
Finished game 499 (base vs cand): 1-0 {White wins by adjudication}
Score of base vs cand: 136 - 175 - 188  [0.461] 499
Started game 503 of 1000 (base vs cand)
Finished game 500 (cand vs base): 1-0 {White wins by adjudication}
Score of base vs cand: 136 - 176 - 188  [0.460] 500
...      base playing White: 71 - 79 - 100  [0.484] 250
...      base playing Black: 65 - 97 - 88  [0.436] 250
...      White vs Black: 168 - 144 - 188  [0.524] 500
Elo difference: -27.9 +/- 24.1, LOS: 1.2 %, DrawRatio: 37.6 %
Started game 504 of 1000 (cand vs base)
Finished game 503 (base vs cand): 1/2-1/2 {Draw by 3-fold repetition}
Score of base vs cand: 136 - 176 - 189  [0.460] 501
Started game 505 of 1000 (base vs cand)
Finished game 504 (cand vs base): 1/2-1/2 {Draw by 3-fold repetition}
Score of base vs cand: 136 - 176 - 190  [0.460] 502
Started game 506 of 1000 (cand vs base)
Finished game 501 (base vs cand): 1/2-1/2 {Draw by adjudication}
Score of base vs cand: 136 - 176 - 191  [0.460] 503
Started game 507 of 1000 (base vs cand)
Finished game 502 (cand vs base): 0-1 {Black mates}
Score of base vs cand: 137 - 176 - 191  [0.461] 504
Started game 508 of 1000 (cand vs base)
Finished game 507 (base vs cand): 1-0 {White wins by adjudication}
Score of base vs cand: 138 - 176 - 191  [0.462] 505
Started game 509 of 1000 (base vs cand)
Finished game 505 (base vs cand): 1-0 {White wins by adjudication}
Score of base vs cand: 139 - 176 - 191  [0.463] 506
Started game 510 of 1000 (cand vs base)
Finished game 508 (cand vs base): 1/2-1/2 {Draw by 3-fold repetition}
Score of base vs cand: 139 - 176 - 192  [0.464] 507
Started game 511 of 1000 (base vs cand)
Finished game 506 (cand vs base): 1/2-1/2 {Draw by 3-fold repetition}
Score of base vs cand: 139 - 176 - 193  [0.464] 508
Started game 512 of 1000 (cand vs base)
Finished game 509 (base vs cand): 1/2-1/2 {Draw by adjudication}
Score of base vs cand: 139 - 176 - 194  [0.464] 509
Started game 513 of 1000 (base vs cand)
Finished game 510 (cand vs base): 1/2-1/2 {Draw by 3-fold repetition}
Score of base vs cand: 139 - 176 - 195  [0.464] 510
Started game 514 of 1000 (cand vs base)
Finished game 512 (cand vs base): 1-0 {White wins by adjudication}
Score of base vs cand: 139 - 177 - 195  [0.463] 511
Started game 515 of 1000 (base vs cand)
Finished game 511 (base vs cand): 1-0 {White wins by adjudication}
Score of base vs cand: 140 - 177 - 195  [0.464] 512
Started game 516 of 1000 (cand vs base)
Finished game 513 (base vs cand): 0-1 {Black wins by adjudication}
Score of base vs cand: 140 - 178 - 195  [0.463] 513
Started game 517 of 1000 (base vs cand)
Finished game 515 (base vs cand): 1/2-1/2 {Draw by adjudication}
Score of base vs cand: 140 - 178 - 196  [0.463] 514
Started game 518 of 1000 (cand vs base)
Finished game 514 (cand vs base): 0-1 {Black wins by adjudication}
Score of base vs cand: 141 - 178 - 196  [0.464] 515
Started game 519 of 1000 (base vs cand)
Finished game 516 (cand vs base): 0-1 {Black wins by adjudication}
Score of base vs cand: 142 - 178 - 196  [0.465] 516
Started game 520 of 1000 (cand vs base)
Finished game 517 (base vs cand): 1-0 {White wins by adjudication}
Score of base vs cand: 143 - 178 - 196  [0.466] 517
Started game 521 of 1000 (base vs cand)
Finished game 518 (cand vs base): 1/2-1/2 {Draw by adjudication}
Score of base vs cand: 143 - 178 - 197  [0.466] 518
Started game 522 of 1000 (cand vs base)
Finished game 520 (cand vs base): 1/2-1/2 {Draw by adjudication}
Score of base vs cand: 143 - 178 - 198  [0.466] 519
Started game 523 of 1000 (base vs cand)
Finished game 519 (base vs cand): 0-1 {Black wins by adjudication}
Score of base vs cand: 143 - 179 - 198  [0.465] 520
Started game 524 of 1000 (cand vs base)
Finished game 522 (cand vs base): 0-1 {Black wins by adjudication}
Score of base vs cand: 144 - 179 - 198  [0.466] 521
Started game 525 of 1000 (base vs cand)
Finished game 521 (base vs cand): 1/2-1/2 {Draw by 3-fold repetition}
Score of base vs cand: 144 - 179 - 199  [0.466] 522
Started game 526 of 1000 (cand vs base)
Finished game 523 (base vs cand): 1/2-1/2 {Draw by insufficient mating material}
Score of base vs cand: 144 - 179 - 200  [0.467] 523
Started game 527 of 1000 (base vs cand)
Finished game 525 (base vs cand): 1/2-1/2 {Draw by 3-fold repetition}
Score of base vs cand: 144 - 179 - 201  [0.467] 524
Started game 528 of 1000 (cand vs base)
Finished game 524 (cand vs base): 1/2-1/2 {Draw by fifty moves rule}
Score of base vs cand: 144 - 179 - 202  [0.467] 525
Started game 529 of 1000 (base vs cand)
Finished game 526 (cand vs base): 1-0 {White mates}
Score of base vs cand: 144 - 180 - 202  [0.466] 526
Started game 530 of 1000 (cand vs base)
Finished game 528 (cand vs base): 1/2-1/2 {Draw by 3-fold repetition}
Score of base vs cand: 144 - 180 - 203  [0.466] 527
Started game 531 of 1000 (base vs cand)
Finished game 527 (base vs cand): 1-0 {White wins by adjudication}
Score of base vs cand: 145 - 180 - 203  [0.467] 528
Started game 532 of 1000 (cand vs base)
Finished game 529 (base vs cand): 0-1 {Black wins by adjudication}
Score of base vs cand: 145 - 181 - 203  [0.466] 529
Started game 533 of 1000 (base vs cand)
Finished game 531 (base vs cand): 1-0 {White wins by adjudication}
Score of base vs cand: 146 - 181 - 203  [0.467] 530
Started game 534 of 1000 (cand vs base)
Finished game 530 (cand vs base): 1/2-1/2 {Draw by fifty moves rule}
Score of base vs cand: 146 - 181 - 204  [0.467] 531
Started game 535 of 1000 (base vs cand)
Finished game 532 (cand vs base): 1/2-1/2 {Draw by fifty moves rule}
Score of base vs cand: 146 - 181 - 205  [0.467] 532
Started game 536 of 1000 (cand vs base)
Finished game 533 (base vs cand): 0-1 {Black wins by adjudication}
Score of base vs cand: 146 - 182 - 205  [0.466] 533
Started game 537 of 1000 (base vs cand)
Finished game 534 (cand vs base): 1/2-1/2 {Draw by 3-fold repetition}
Score of base vs cand: 146 - 182 - 206  [0.466] 534
Started game 538 of 1000 (cand vs base)
Finished game 535 (base vs cand): 0-1 {Black mates}
Score of base vs cand: 146 - 183 - 206  [0.465] 535
Started game 539 of 1000 (base vs cand)
Finished game 536 (cand vs base): 0-1 {Black mates}
Score of base vs cand: 147 - 183 - 206  [0.466] 536
Started game 540 of 1000 (cand vs base)
Finished game 538 (cand vs base): 1-0 {White wins by adjudication}
Score of base vs cand: 147 - 184 - 206  [0.466] 537
Started game 541 of 1000 (base vs cand)
Finished game 537 (base vs cand): 1-0 {White wins by adjudication}
Score of base vs cand: 148 - 184 - 206  [0.467] 538
Started game 542 of 1000 (cand vs base)
Finished game 539 (base vs cand): 1-0 {White wins by adjudication}
Score of base vs cand: 149 - 184 - 206  [0.468] 539
Started game 543 of 1000 (base vs cand)
Finished game 540 (cand vs base): 1/2-1/2 {Draw by 3-fold repetition}
Score of base vs cand: 149 - 184 - 207  [0.468] 540
Started game 544 of 1000 (cand vs base)
Finished game 541 (base vs cand): 1-0 {White wins by adjudication}
Score of base vs cand: 150 - 184 - 207  [0.469] 541
Started game 545 of 1000 (base vs cand)
Finished game 542 (cand vs base): 1-0 {White mates}
Score of base vs cand: 150 - 185 - 207  [0.468] 542
Started game 546 of 1000 (cand vs base)
Finished game 544 (cand vs base): 1/2-1/2 {Draw by 3-fold repetition}
Score of base vs cand: 150 - 185 - 208  [0.468] 543
Started game 547 of 1000 (base vs cand)
Finished game 543 (base vs cand): 1/2-1/2 {Draw by fifty moves rule}
Score of base vs cand: 150 - 185 - 209  [0.468] 544
Started game 548 of 1000 (cand vs base)
Finished game 546 (cand vs base): 0-1 {Black wins by adjudication}
Score of base vs cand: 151 - 185 - 209  [0.469] 545
Started game 549 of 1000 (base vs cand)
Finished game 545 (base vs cand): 1/2-1/2 {Draw by insufficient mating material}
Score of base vs cand: 151 - 185 - 210  [0.469] 546
Started game 550 of 1000 (cand vs base)
Finished game 547 (base vs cand): 0-1 {Black wins by adjudication}
Score of base vs cand: 151 - 186 - 210  [0.468] 547
Started game 551 of 1000 (base vs cand)
Finished game 548 (cand vs base): 1/2-1/2 {Draw by 3-fold repetition}
Score of base vs cand: 151 - 186 - 211  [0.468] 548
Started game 552 of 1000 (cand vs base)
Finished game 549 (base vs cand): 1-0 {White wins by adjudication}
Score of base vs cand: 152 - 186 - 211  [0.469] 549
Started game 553 of 1000 (base vs cand)
Finished game 550 (cand vs base): 1-0 {White wins by adjudication}
Score of base vs cand: 152 - 187 - 211  [0.468] 550
...      base playing White: 81 - 85 - 109  [0.493] 275
...      base playing Black: 71 - 102 - 102  [0.444] 275
...      White vs Black: 183 - 156 - 211  [0.525] 550
Elo difference: -22.1 +/- 22.8, LOS: 2.9 %, DrawRatio: 38.4 %
Started game 554 of 1000 (cand vs base)
Finished game 551 (base vs cand): 1/2-1/2 {Draw by 3-fold repetition}
Score of base vs cand: 152 - 187 - 212  [0.468] 551
Started game 555 of 1000 (base vs cand)
Finished game 552 (cand vs base): 1-0 {White wins by adjudication}
Score of base vs cand: 152 - 188 - 212  [0.467] 552
Started game 556 of 1000 (cand vs base)
Finished game 554 (cand vs base): 1/2-1/2 {Draw by adjudication}
Score of base vs cand: 152 - 188 - 213  [0.467] 553
Started game 557 of 1000 (base vs cand)
Finished game 553 (base vs cand): 1/2-1/2 {Draw by insufficient mating material}
Score of base vs cand: 152 - 188 - 214  [0.468] 554
Started game 558 of 1000 (cand vs base)
Finished game 555 (base vs cand): 1-0 {White wins by adjudication}
Score of base vs cand: 153 - 188 - 214  [0.468] 555
Started game 559 of 1000 (base vs cand)
Finished game 556 (cand vs base): 1-0 {White wins by adjudication}
Score of base vs cand: 153 - 189 - 214  [0.468] 556
Started game 560 of 1000 (cand vs base)
Finished game 557 (base vs cand): 0-1 {Black wins by adjudication}
Score of base vs cand: 153 - 190 - 214  [0.467] 557
Started game 561 of 1000 (base vs cand)
Finished game 559 (base vs cand): 1-0 {White wins by adjudication}
Score of base vs cand: 154 - 190 - 214  [0.468] 558
Started game 562 of 1000 (cand vs base)
