Indexing opening suite...
Started game 1 of 1200 (base vs cand)
Started game 3 of 1200 (base vs cand)
Started game 4 of 1200 (cand vs base)
Started game 6 of 1200 (cand vs base)
Started game 5 of 1200 (base vs cand)
Started game 2 of 1200 (cand vs base)
Finished game 3 (base vs cand): 1/2-1/2 {Draw by 3-fold repetition}
Score of base vs cand: 0 - 0 - 1  [0.500] 1
Started game 7 of 1200 (base vs cand)
Finished game 1 (base vs cand): 1-0 {White wins by adjudication}
Score of base vs cand: 1 - 0 - 1  [0.750] 2
Started game 8 of 1200 (cand vs base)
Finished game 6 (cand vs base): 1-0 {White wins by adjudication}
Score of base vs cand: 1 - 1 - 1  [0.500] 3
Started game 9 of 1200 (base vs cand)
Finished game 2 (cand vs base): 0-1 {Black wins by adjudication}
Score of base vs cand: 2 - 1 - 1  [0.625] 4
Started game 10 of 1200 (cand vs base)
Finished game 4 (cand vs base): 0-1 {Black wins by adjudication}
Score of base vs cand: 3 - 1 - 1  [0.700] 5
Started game 11 of 1200 (base vs cand)
Finished game 7 (base vs cand): 1-0 {White wins by adjudication}
Score of base vs cand: 4 - 1 - 1  [0.750] 6
Started game 12 of 1200 (cand vs base)
Finished game 5 (base vs cand): 0-1 {Black wins by adjudication}
Score of base vs cand: 4 - 2 - 1  [0.643] 7
Started game 13 of 1200 (base vs cand)
Finished game 9 (base vs cand): 1/2-1/2 {Draw by adjudication}
Score of base vs cand: 4 - 2 - 2  [0.625] 8
Started game 14 of 1200 (cand vs base)
Finished game 11 (base vs cand): 1/2-1/2 {Draw by 3-fold repetition}
Score of base vs cand: 4 - 2 - 3  [0.611] 9
Started game 15 of 1200 (base vs cand)
Finished game 8 (cand vs base): 1-0 {White wins by adjudication}
Score of base vs cand: 4 - 3 - 3  [0.550] 10
Started game 16 of 1200 (cand vs base)
Finished game 12 (cand vs base): 0-1 {Black wins by adjudication}
Score of base vs cand: 5 - 3 - 3  [0.591] 11
Started game 17 of 1200 (base vs cand)
Finished game 10 (cand vs base): 0-1 {Black wins by adjudication}
Score of base vs cand: 6 - 3 - 3  [0.625] 12
Started game 18 of 1200 (cand vs base)
Finished game 13 (base vs cand): 0-1 {Black wins by adjudication}
Score of base vs cand: 6 - 4 - 3  [0.577] 13
Started game 19 of 1200 (base vs cand)
Finished game 17 (base vs cand): 1/2-1/2 {Draw by 3-fold repetition}
Score of base vs cand: 6 - 4 - 4  [0.571] 14
Started game 20 of 1200 (cand vs base)
Finished game 14 (cand vs base): 0-1 {Black wins by adjudication}
Score of base vs cand: 7 - 4 - 4  [0.600] 15
Started game 21 of 1200 (base vs cand)
Finished game 15 (base vs cand): 1-0 {White wins by adjudication}
Score of base vs cand: 8 - 4 - 4  [0.625] 16
Started game 22 of 1200 (cand vs base)
Finished game 16 (cand vs base): 1/2-1/2 {Draw by 3-fold repetition}
Score of base vs cand: 8 - 4 - 5  [0.618] 17
Started game 23 of 1200 (base vs cand)
Finished game 18 (cand vs base): 1/2-1/2 {Draw by adjudication}
Score of base vs cand: 8 - 4 - 6  [0.611] 18
Started game 24 of 1200 (cand vs base)
Finished game 21 (base vs cand): 1-0 {White wins by adjudication}
Score of base vs cand: 9 - 4 - 6  [0.632] 19
Started game 25 of 1200 (base vs cand)
Finished game 24 (cand vs base): 1/2-1/2 {Draw by 3-fold repetition}
Score of base vs cand: 9 - 4 - 7  [0.625] 20
Started game 26 of 1200 (cand vs base)
Finished game 19 (base vs cand): 1-0 {White wins by adjudication}
Score of base vs cand: 10 - 4 - 7  [0.643] 21
Started game 27 of 1200 (base vs cand)
Finished game 20 (cand vs base): 1/2-1/2 {Draw by insufficient mating material}
Score of base vs cand: 10 - 4 - 8  [0.636] 22
Started game 28 of 1200 (cand vs base)
Finished game 23 (base vs cand): 1-0 {White wins by adjudication}
Score of base vs cand: 11 - 4 - 8  [0.652] 23
Started game 29 of 1200 (base vs cand)
Finished game 22 (cand vs base): 1/2-1/2 {Draw by fifty moves rule}
Score of base vs cand: 11 - 4 - 9  [0.646] 24
Started game 30 of 1200 (cand vs base)
Finished game 25 (base vs cand): 0-1 {Black wins by adjudication}
Score of base vs cand: 11 - 5 - 9  [0.620] 25
Started game 31 of 1200 (base vs cand)
Finished game 26 (cand vs base): 0-1 {Black mates}
Score of base vs cand: 12 - 5 - 9  [0.635] 26
Started game 32 of 1200 (cand vs base)
Finished game 27 (base vs cand): 0-1 {Black mates}
Score of base vs cand: 12 - 6 - 9  [0.611] 27
Started game 33 of 1200 (base vs cand)
Finished game 28 (cand vs base): 1/2-1/2 {Draw by stalemate}
Score of base vs cand: 12 - 6 - 10  [0.607] 28
Started game 34 of 1200 (cand vs base)
Finished game 30 (cand vs base): 0-1 {Black wins by adjudication}
Score of base vs cand: 13 - 6 - 10  [0.621] 29
Started game 35 of 1200 (base vs cand)
Finished game 31 (base vs cand): 1/2-1/2 {Draw by adjudication}
Score of base vs cand: 13 - 6 - 11  [0.617] 30
Started game 36 of 1200 (cand vs base)
Finished game 29 (base vs cand): 1/2-1/2 {Draw by fifty moves rule}
Score of base vs cand: 13 - 6 - 12  [0.613] 31
Started game 37 of 1200 (base vs cand)
Finished game 32 (cand vs base): 1/2-1/2 {Draw by insufficient mating material}
Score of base vs cand: 13 - 6 - 13  [0.609] 32
Started game 38 of 1200 (cand vs base)
Finished game 35 (base vs cand): 0-1 {Black wins by adjudication}
Score of base vs cand: 13 - 7 - 13  [0.591] 33
Started game 39 of 1200 (base vs cand)
Finished game 33 (base vs cand): 1-0 {White wins by adjudication}
Score of base vs cand: 14 - 7 - 13  [0.603] 34
Started game 40 of 1200 (cand vs base)
Finished game 34 (cand vs base): 0-1 {Black wins by adjudication}
Score of base vs cand: 15 - 7 - 13  [0.614] 35
Started game 41 of 1200 (base vs cand)
Finished game 36 (cand vs base): 1-0 {White wins by adjudication}
Score of base vs cand: 15 - 8 - 13  [0.597] 36
Started game 42 of 1200 (cand vs base)
Finished game 37 (base vs cand): 0-1 {Black wins by adjudication}
Score of base vs cand: 15 - 9 - 13  [0.581] 37
Started game 43 of 1200 (base vs cand)
Finished game 38 (cand vs base): 1/2-1/2 {Draw by insufficient mating material}
Score of base vs cand: 15 - 9 - 14  [0.579] 38
Started game 44 of 1200 (cand vs base)
Finished game 39 (base vs cand): 1-0 {White wins by adjudication}
Score of base vs cand: 16 - 9 - 14  [0.590] 39
Started game 45 of 1200 (base vs cand)
Finished game 40 (cand vs base): 1/2-1/2 {Draw by insufficient mating material}
Score of base vs cand: 16 - 9 - 15  [0.588] 40
Started game 46 of 1200 (cand vs base)
Finished game 41 (base vs cand): 1-0 {White wins by adjudication}
Score of base vs cand: 17 - 9 - 15  [0.598] 41
Started game 47 of 1200 (base vs cand)
Finished game 42 (cand vs base): 0-1 {Black wins by adjudication}
Score of base vs cand: 18 - 9 - 15  [0.607] 42
Started game 48 of 1200 (cand vs base)
Finished game 43 (base vs cand): 1-0 {White mates}
Score of base vs cand: 19 - 9 - 15  [0.616] 43
Started game 49 of 1200 (base vs cand)
