    Checking bitflags v2.4.0
   Compiling cargo-husky v1.5.0
   Compiling syn v2.0.112
    Checking shakmaty v0.27.3
    Checking rustyline v12.0.0
   Compiling tracing-attributes v0.1.31
    Checking tracing v0.1.44
    Checking shakmaty-syzygy v0.25.3
    Checking rusty-rival v1.0.64 (/home/chris/benchmark/net1291-worktree)
error: this assertion has a constant value
   --> src/tablebase.rs:415:9
    |
415 |         assert!(TB_WIN_SCORE < crate::search::MATE_START);
    |         ^^^^^^^^^^^^^^^^^^^^^^^^^^^^^^^^^^^^^^^^^^^^^^^^^
    |
    = help: consider moving this into a const block: `const { assert!(..) }`
    = help: for further information visit https://rust-lang.github.io/rust-clippy/rust-1.98.0/index.html#assertions_on_constants
    = note: `-D clippy::assertions-on-constants` implied by `-D warnings`
    = help: to override `-D warnings` add `#[allow(clippy::assertions_on_constants)]`

error: this assertion has a constant value
   --> src/tablebase.rs:416:9
    |
416 |         assert!(TB_LOSS_SCORE > -crate::search::MATE_START);
    |         ^^^^^^^^^^^^^^^^^^^^^^^^^^^^^^^^^^^^^^^^^^^^^^^^^^^
    |
    = help: consider moving this into a const block: `const { assert!(..) }`
    = help: for further information visit https://rust-lang.github.io/rust-clippy/rust-1.98.0/index.html#assertions_on_constants

error: items after a test module
    --> src/uci.rs:934:1
     |
 934 |   mod root_result_tests {
     |   ^^^^^^^^^^^^^^^^^^^^^
...
 954 |   fn calc_from_colour_times(uci_state: &mut UciState, millis: u64, inc_millis: u64) {
     |   ^^^^^^^^^^^^^^^^^^^^^^^^^^^^^^^^^^^^^^^^^^^^^^^^^^^^^^^^^^^^^^^^^^^^^^^^^^^^^^^^^
...
 964 |   fn cmd_uci() -> Either<String, Option<String>> {
     |   ^^^^^^^^^^^^^^^^^^^^^^^^^^^^^^^^^^^^^^^^^^^^^^
...
 985 |   fn cmd_isready() -> Either<String, Option<String>> {
     |   ^^^^^^^^^^^^^^^^^^^^^^^^^^^^^^^^^^^^^^^^^^^^^^^^^^
...
 989 |   fn cmd_debug(uci_state: &mut UciState, parts: Vec<&str>) -> Either<String, Option<String>> {
     |   ^^^^^^^^^^^^^^^^^^^^^^^^^^^^^^^^^^^^^^^^^^^^^^^^^^^^^^^^^^^^^^^^^^^^^^^^^^^^^^^^^^^^^^^^^^
...
 999 |   fn cmd_perft(depth: u8, uci_state: &UciState) -> Either<String, Option<String>> {
     |   ^^^^^^^^^^^^^^^^^^^^^^^^^^^^^^^^^^^^^^^^^^^^^^^^^^^^^^^^^^^^^^^^^^^^^^^^^^^^^^^
...
1008 |   fn cmd_setoption(parts: Vec<&str>, search_state: &mut SearchState, uci_state: &mut UciState) -> Either<String, Option<String>> {
     |   ^^^^^^^^^^^^^^^^^^^^^^^^^^^^^^^^^^^^^^^^^^^^^^^^^^^^^^^^^^^^^^^^^^^^^^^^^^^^^^^^^^^^^^^^^^^^^^^^^^^^^^^^^^^^^^^^^^^^^^^^^^^^^^
...
1124 |   fn cmd_register() -> Either<String, Option<String>> {
     |   ^^^^^^^^^^^^^^^^^^^^^^^^^^^^^^^^^^^^^^^^^^^^^^^^^^^
...
1128 | / fn cmd_ucinewgame(
1129 | |     uci_state: &mut UciState,
1130 | |     search_state: &mut SearchState,
1131 | |     search_handle: &mut Option<SearchHandle>,
1132 | | ) -> Either<String, Option<String>> {
     | |___________________________________^
     |
     = help: for further information visit https://rust-lang.github.io/rust-clippy/rust-1.98.0/index.html#items_after_test_module
     = note: `-D clippy::items-after-test-module` implied by `-D warnings`
     = help: to override `-D warnings` add `#[allow(clippy::items_after_test_module)]`
     = help: move the items to before the test module was defined

error: could not compile `rusty-rival` (lib test) due to 3 previous errors
warning: build failed, waiting for other jobs to finish...
