   Compiling libc v0.2.189
   Compiling autocfg v1.1.0
   Compiling cfg-if v1.0.0
   Compiling proc-macro2 v1.0.104
   Compiling quote v1.0.42
   Compiling crossbeam-utils v0.8.8
   Compiling pkg-config v0.3.33
   Compiling unicode-ident v1.0.22
   Compiling lazy_static v1.4.0
   Compiling io-lifetimes v1.0.9
   Compiling memchr v2.6.4
   Compiling rustix v0.36.11
   Compiling bitflags v1.3.2
   Compiling scopeguard v1.1.0
   Compiling byteorder v1.4.3
   Compiling once_cell v1.21.3
   Compiling bitflags v2.4.0
   Compiling linux-raw-sys v0.1.4
   Compiling rayon-core v1.12.0
   Compiling zstd-safe v7.2.4
   Compiling smallvec v1.10.0
   Compiling arrayvec v0.7.4
   Compiling ppv-lite86 v0.2.16
   Compiling futures v0.1.31
   Compiling pin-project-lite v0.2.16
   Compiling static_assertions v1.1.0
   Compiling endian-type v0.1.2
   Compiling regex-syntax v0.8.2
   Compiling utf8parse v0.2.1
   Compiling unicode-width v0.1.10
   Compiling itoa v1.0.9
   Compiling either v1.9.0
   Compiling unicode-segmentation v1.10.1
   Compiling home v0.5.5
   Compiling log v0.4.20
   Compiling rustc-hash v2.1.1
   Compiling md5 v0.7.0
   Compiling ansi_term v0.12.1
   Compiling tracing-core v0.1.36
   Compiling memoffset v0.6.5
   Compiling num-traits v0.2.19
   Compiling crossbeam-epoch v0.9.8
   Compiling nibble_vec v0.1.0
   Compiling num-format v0.4.4
   Compiling radix_trie v0.2.1
   Compiling aho-corasick v1.1.2
   Compiling crossbeam-deque v0.8.1
   Compiling syn v2.0.112
   Compiling btoi v0.4.3
   Compiling jobserver v0.1.32
   Compiling shakmaty v0.27.3
   Compiling cc v1.0.79
   Compiling rayon v1.8.0
   Compiling getrandom v0.2.8
   Compiling iovec v0.1.4
   Compiling num_cpus v1.13.1
   Compiling nix v0.26.2
   Compiling bytes v0.4.12
   Compiling zstd-sys v2.0.16+zstd.1.5.7
   Compiling libmimalloc-sys v0.1.44
   Compiling rand_core v0.6.3
   Compiling futures-cpupool v0.1.8
   Compiling regex-automata v0.4.2
   Compiling rand_chacha v0.3.1
   Compiling fs v0.0.5
   Compiling rand v0.8.5
   Compiling fd-lock v3.0.10
   Compiling rustyline v12.0.0
   Compiling tracing-attributes v0.1.31
   Compiling regex v1.10.1
   Compiling tracing v0.1.44
   Compiling mimalloc v0.1.48
   Compiling shakmaty-syzygy v0.25.3
   Compiling zstd v0.13.3
   Compiling rusty-rival v1.0.68 (/tmp/rival-pgo/src)
warning: rusty_rival.c1fb7f3d0bdc1373-cgu.0: no profile data available for function _RNvNtCsgEyXjC21UJj_11rusty_rival6search6search Hash = 687231566874637922 up to 0 count discarded

warning: rusty_rival.c1fb7f3d0bdc1373-cgu.0: function control flow change detected (hash mismatch) _RNvNtCsgEyXjC21UJj_11rusty_rival7quiesce7quiesce Hash = 464322551143527036 up to 1890693161 count discarded

warning: `rusty-rival` (lib) generated 2 warnings
    Finished `release` profile [optimized] target(s) in 25.25s
